{"logTime": "0923/114358", "correlationVector":"D4g0O0pc792Fx1s/STKhUY.2","action":"Commit Response", "result":"Success", "context":Result: Success. cV=D4g0O0pc792Fx1s/STKhUY.0;server=akswtt104000002;cloudType=Consumer;environment=Prod_westeurope_prod-s01-080-eur-westeurope;migrationStage=NotStarted}
{"logTime": "0923/114458", "correlationVector":"bkVhBm83Rbsk2Tf+vOr0y4","action":"Normal GetUpdate request", "result":"", "context":cV=bkVhBm83Rbsk2Tf+vOr0y4
Nudged types: Sessions, History}
{"logTime": "0923/114459", "correlationVector":"bkVhBm83Rbsk2Tf+vOr0y4.1","action":"SyncServerConnectionManagerRequest", "result":"SYNC_SERVER_OK", "context":{"environment":"Prod_westeurope_prod-s01-080-eur-westeurope", "migrationStage":"NotStarted", "server":"akswtt10400000h"}}
{"logTime": "0923/114459", "correlationVector":"bkVhBm83Rbsk2Tf+vOr0y4.2","action":"ProcessGetUpdates", "result":"Done", "context":{"dataType":"Sessions", "deleted":"0", "process_failed_to_decrypt":"0", "process_pending_decryption":"0", "process_success":"1", "total":"1"}}
{"logTime": "0923/114459", "correlationVector":"bkVhBm83Rbsk2Tf+vOr0y4.3","action":"ProcessGetUpdates", "result":"Done", "context":{"dataType":"History", "deleted":"0", "process_failed_to_decrypt":"0", "process_pending_decryption":"0", "process_success":"2", "total":"2"}}
{"logTime": "0923/114459", "correlationVector":"bkVhBm83Rbsk2Tf+vOr0y4.4","action":"GetUpdates Response", "result":"Success", "context":Received 3 update(s). cV=bkVhBm83Rbsk2Tf+vOr0y4.0;server=akswtt10400000h;cloudType=Consumer;environment=Prod_westeurope_prod-s01-080-eur-westeurope;migrationStage=NotStarted}
{"logTime": "0923/115552", "correlationVector":"jkm26wnLVayNMvHj1khp1a","action":"Normal GetUpdate request", "result":"", "context":cV=jkm26wnLVayNMvHj1khp1a
Nudged types: Device Info}
{"logTime": "0923/115553", "correlationVector":"jkm26wnLVayNMvHj1khp1a.1","action":"SyncServerConnectionManagerRequest", "result":"SYNC_SERVER_OK", "context":{"environment":"Prod_francecentral_prod-s01-062-eur-francecentral", "migrationStage":"NotStarted", "server":"akswtt104000018"}}
{"logTime": "0923/115553", "correlationVector":"jkm26wnLVayNMvHj1khp1a.2","action":"GetUpdates Response", "result":"Success", "context":Received 0 update(s). cV=jkm26wnLVayNMvHj1khp1a.0;server=akswtt104000018;cloudType=Consumer;environment=Prod_francecentral_prod-s01-062-eur-francecentral;migrationStage=NotStarted}
{"logTime": "0923/115553", "correlationVector":"T21/DpxAWqlYKfN8dQo3Fp","action":"Commit Request", "result":"", "context":Item count: 1
Contributing types: Device Info}
{"logTime": "0923/115554", "correlationVector":"T21/DpxAWqlYKfN8dQo3Fp.1","action":"SyncServerConnectionManagerRequest", "result":"SYNC_SERVER_OK", "context":{"environment":"Prod_francecentral_prod-s01-062-eur-francecentral", "migrationStage":"NotStarted", "server":"akswtt104000009"}}
{"logTime": "0923/115554", "correlationVector":"T21/DpxAWqlYKfN8dQo3Fp.2","action":"Commit Response", "result":"Success", "context":Result: Success. cV=T21/DpxAWqlYKfN8dQo3Fp.0;server=akswtt104000009;cloudType=Consumer;environment=Prod_francecentral_prod-s01-062-eur-francecentral;migrationStage=NotStarted}
{"logTime": "0923/120152", "correlationVector":"y6PHBGl5lA9QU2miJ1b1oc","action":"Commit Request", "result":"", "context":Item count: 1
Contributing types: Sessions}
{"logTime": "0923/120153", "correlationVector":"y6PHBGl5lA9QU2miJ1b1oc.1","action":"SyncServerConnectionManagerRequest", "result":"SYNC_SERVER_OK", "context":{"environment":"Prod_francecentral_prod-s01-062-eur-francecentral", "migrationStage":"NotStarted", "server":"akswtt10400000k"}}
{"logTime": "0923/120153", "correlationVector":"y6PHBGl5lA9QU2miJ1b1oc.2","action":"Commit Response", "result":"Success", "context":Result: Success. cV=y6PHBGl5lA9QU2miJ1b1oc.0;server=akswtt10400000k;cloudType=Consumer;environment=Prod_francecentral_prod-s01-062-eur-francecentral;migrationStage=NotStarted}
{"logTime": "0923/120153", "correlationVector":"1Fqf4czJ5zr9zvb5yb6Cof","action":"Normal GetUpdate request", "result":"", "context":cV=1Fqf4czJ5zr9zvb5yb6Cof
Notified types: History}
{"logTime": "0923/120154", "correlationVector":"1Fqf4czJ5zr9zvb5yb6Cof.1","action":"SyncServerConnectionManagerRequest", "result":"SYNC_SERVER_OK", "context":{"environment":"Prod_francecentral_prod-s01-062-eur-francecentral", "migrationStage":"NotStarted", "server":"akswtt10400000u"}}
{"logTime": "0923/120154", "correlationVector":"1Fqf4czJ5zr9zvb5yb6Cof.2","action":"ProcessGetUpdates", "result":"Done", "context":{"dataType":"Sessions", "deleted":"0", "process_failed_to_decrypt":"0", "process_pending_decryption":"0", "process_success":"2", "total":"2"}}
{"logTime": "0923/120154", "correlationVector":"1Fqf4czJ5zr9zvb5yb6Cof.3","action":"ProcessGetUpdates", "result":"Done", "context":{"dataType":"Device Info", "deleted":"0", "process_failed_to_decrypt":"0", "process_pending_decryption":"0", "process_success":"1", "total":"1"}}
{"logTime": "0923/120154", "correlationVector":"1Fqf4czJ5zr9zvb5yb6Cof.4","action":"ProcessGetUpdates", "result":"Done", "context":{"dataType":"History", "deleted":"0", "process_failed_to_decrypt":"0", "process_pending_decryption":"0", "process_success":"1", "total":"1"}}
{"logTime": "0923/120154", "correlationVector":"1Fqf4czJ5zr9zvb5yb6Cof.5","action":"GetUpdates Response", "result":"Success", "context":Received 4 update(s). cV=1Fqf4czJ5zr9zvb5yb6Cof.0;server=akswtt10400000u;cloudType=Consumer;environment=Prod_francecentral_prod-s01-062-eur-francecentral;migrationStage=NotStarted}
{"logTime": "0923/120325", "correlationVector":"nR9Kko+lltC0g0P6yaRkcD","action":"Commit Request", "result":"", "context":Item count: 5
Contributing types: Sessions, History}
{"logTime": "0923/120326", "correlationVector":"nR9Kko+lltC0g0P6yaRkcD.1","action":"SyncServerConnectionManagerRequest", "result":"SYNC_SERVER_OK", "context":{"environment":"Prod_francecentral_prod-s01-062-eur-francecentral", "migrationStage":"NotStarted", "server":"akswtt10400000i"}}
{"logTime": "0923/120326", "correlationVector":"nR9Kko+lltC0g0P6yaRkcD.2","action":"Commit Response", "result":"Success", "context":Result: Success. cV=nR9Kko+lltC0g0P6yaRkcD.0;server=akswtt10400000i;cloudType=Consumer;environment=Prod_francecentral_prod-s01-062-eur-francecentral;migrationStage=NotStarted}
{"logTime": "0923/120329", "correlationVector":"nmwzKsgK7PWifocTHORqh6","action":"Normal GetUpdate request", "result":"", "context":cV=nmwzKsgK7PWifocTHORqh6
Notified types: History}
{"logTime": "0923/120329", "correlationVector":"nmwzKsgK7PWifocTHORqh6.1","action":"SyncServerConnectionManagerRequest", "result":"SYNC_SERVER_OK", "context":{"environment":"Prod_francecentral_prod-s01-062-eur-francecentral", "migrationStage":"NotStarted", "server":"akswtt10400000h"}}
{"logTime": "0923/120329", "correlationVector":"nmwzKsgK7PWifocTHORqh6.2","action":"ProcessGetUpdates", "result":"Done", "context":{"dataType":"Sessions", "deleted":"0", "process_failed_to_decrypt":"0", "process_pending_decryption":"0", "process_success":"4", "total":"4"}}
{"logTime": "0923/120329", "correlationVector":"nmwzKsgK7PWifocTHORqh6.3","action":"ProcessGetUpdates", "result":"Done", "context":{"dataType":"History", "deleted":"0", "process_failed_to_decrypt":"0", "process_pending_decryption":"0", "process_success":"5", "total":"5"}}
{"logTime": "0923/120329", "correlationVector":"nmwzKsgK7PWifocTHORqh6.4","action":"GetUpdates Response", "result":"Success", "context":Received 9 update(s). cV=nmwzKsgK7PWifocTHORqh6.0;server=akswtt10400000h;cloudType=Consumer;environment=Prod_francecentral_prod-s01-062-eur-francecentral;migrationStage=NotStarted}
{"logTime": "0923/120332", "correlationVector":"uhpatwWWJ/nkjkrd3O2XYA","action":"Normal GetUpdate request", "result":"", "context":cV=uhpatwWWJ/nkjkrd3O2XYA
Notified types: Autofill, History}
{"logTime": "0923/120333", "correlationVector":"uhpatwWWJ/nkjkrd3O2XYA.1","action":"SyncServerConnectionManagerRequest", "result":"SYNC_SERVER_OK", "context":{"environment":"Prod_francecentral_prod-s01-062-eur-francecentral", "migrationStage":"NotStarted", "server":"akswtt10400000l"}}
{"logTime": "0923/120333", "correlationVector":"uhpatwWWJ/nkjkrd3O2XYA.2","action":"ProcessGetUpdates", "result":"Done", "context":{"dataType":"Autofill", "deleted":"0", "process_failed_to_decrypt":"0", "process_pending_decryption":"0", "process_success":"1", "total":"1"}}
{"logTime": "0923/120333", "correlationVector":"uhpatwWWJ/nkjkrd3O2XYA.3","action":"ProcessGetUpdates", "result":"Done", "context":{"dataType":"Sessions", "deleted":"0", "process_failed_to_decrypt":"0", "process_pending_decryption":"0", "process_success":"1", "total":"1"}}
{"logTime": "0923/120333", "correlationVector":"uhpatwWWJ/nkjkrd3O2XYA.4","action":"ProcessGetUpdates", "result":"Done", "context":{"dataType":"History", "deleted":"0", "process_failed_to_decrypt":"0", "process_pending_decryption":"0", "process_success":"2", "total":"2"}}
{"logTime": "0923/120333", "correlationVector":"uhpatwWWJ/nkjkrd3O2XYA.5","action":"GetUpdates Response", "result":"Success", "context":Received 4 update(s). cV=uhpatwWWJ/nkjkrd3O2XYA.0;server=akswtt10400000l;cloudType=Consumer;environment=Prod_francecentral_prod-s01-062-eur-francecentral;migrationStage=NotStarted}
{"logTime": "0923/120338", "correlationVector":"DcY62VQcomjOetsvH/VhnP","action":"Normal GetUpdate request", "result":"", "context":cV=DcY62VQcomjOetsvH/VhnP
Notified types: Autofill, History}
{"logTime": "0923/120339", "correlationVector":"DcY62VQcomjOetsvH/VhnP.1","action":"SyncServerConnectionManagerRequest", "result":"SYNC_SERVER_OK", "context":{"environment":"Prod_francecentral_prod-s01-062-eur-francecentral", "migrationStage":"NotStarted", "server":"akswtt10400000l"}}
{"logTime": "0923/120339", "correlationVector":"DcY62VQcomjOetsvH/VhnP.2","action":"ProcessGetUpdates", "result":"Done", "context":{"dataType":"Autofill", "deleted":"0", "process_failed_to_decrypt":"0", "process_pending_decryption":"0", "process_success":"1", "total":"1"}}
{"logTime": "0923/120339", "correlationVector":"DcY62VQcomjOetsvH/VhnP.3","action":"ProcessGetUpdates", "result":"Done", "context":{"dataType":"Sessions", "deleted":"0", "process_failed_to_decrypt":"0", "process_pending_decryption":"0", "process_success":"1", "total":"1"}}
{"logTime": "0923/120339", "correlationVector":"DcY62VQcomjOetsvH/VhnP.4","action":"ProcessGetUpdates", "result":"Done", "context":{"dataType":"History", "deleted":"0", "process_failed_to_decrypt":"0", "process_pending_decryption":"0", "process_success":"5", "total":"5"}}
{"logTime": "0923/120339", "correlationVector":"DcY62VQcomjOetsvH/VhnP.5","action":"GetUpdates Response", "result":"Success", "context":Received 7 update(s). cV=DcY62VQcomjOetsvH/VhnP.0;server=akswtt10400000l;cloudType=Consumer;environment=Prod_francecentral_prod-s01-062-eur-francecentral;migrationStage=NotStarted}
{"logTime": "0923/120440", "correlationVector":"bNXYFzYmVjDlu5eKoDA8ta","action":"Normal GetUpdate request", "result":"", "context":cV=bNXYFzYmVjDlu5eKoDA8ta
Notified types: History}
{"logTime": "0923/120440", "correlationVector":"bNXYFzYmVjDlu5eKoDA8ta.1","action":"SyncServerConnectionManagerRequest", "result":"SYNC_SERVER_OK", "context":{"environment":"Prod_francecentral_prod-s01-062-eur-francecentral", "migrationStage":"NotStarted", "server":"akswtt104000010"}}
{"logTime": "0923/120440", "correlationVector":"bNXYFzYmVjDlu5eKoDA8ta.2","action":"ProcessGetUpdates", "result":"Done", "context":{"dataType":"Sessions", "deleted":"0", "process_failed_to_decrypt":"0", "process_pending_decryption":"0", "process_success":"1", "total":"1"}}
{"logTime": "0923/120440", "correlationVector":"bNXYFzYmVjDlu5eKoDA8ta.3","action":"ProcessGetUpdates", "result":"Done", "context":{"dataType":"History", "deleted":"0", "process_failed_to_decrypt":"0", "process_pending_decryption":"0", "process_success":"8", "total":"8"}}
{"logTime": "0923/120440", "correlationVector":"bNXYFzYmVjDlu5eKoDA8ta.4","action":"GetUpdates Response", "result":"Success", "context":Received 9 update(s). cV=bNXYFzYmVjDlu5eKoDA8ta.0;server=akswtt104000010;cloudType=Consumer;environment=Prod_francecentral_prod-s01-062-eur-francecentral;migrationStage=NotStarted}
{"logTime": "0923/120455", "correlationVector":"vl/S2lxLVRGIn40AWft3Vq","action":"Normal GetUpdate request", "result":"", "context":cV=vl/S2lxLVRGIn40AWft3Vq
Notified types: Autofill, History}
{"logTime": "0923/120456", "correlationVector":"vl/S2lxLVRGIn40AWft3Vq.1","action":"SyncServerConnectionManagerRequest", "result":"SYNC_SERVER_OK", "context":{"environment":"Prod_francecentral_prod-s01-062-eur-francecentral", "migrationStage":"NotStarted", "server":"akswtt104000004"}}
{"logTime": "0923/120456", "correlationVector":"vl/S2lxLVRGIn40AWft3Vq.2","action":"ProcessGetUpdates", "result":"Done", "context":{"dataType":"Autofill", "deleted":"0", "process_failed_to_decrypt":"0", "process_pending_decryption":"0", "process_success":"3", "total":"3"}}
{"logTime": "0923/120456", "correlationVector":"vl/S2lxLVRGIn40AWft3Vq.3","action":"ProcessGetUpdates", "result":"Done", "context":{"dataType":"Sessions", "deleted":"0", "process_failed_to_decrypt":"0", "process_pending_decryption":"0", "process_success":"1", "total":"1"}}
{"logTime": "0923/120456", "correlationVector":"vl/S2lxLVRGIn40AWft3Vq.4","action":"ProcessGetUpdates", "result":"Done", "context":{"dataType":"History", "deleted":"0", "process_failed_to_decrypt":"0", "process_pending_decryption":"0", "process_success":"2", "total":"2"}}
{"logTime": "0923/120456", "correlationVector":"vl/S2lxLVRGIn40AWft3Vq.5","action":"GetUpdates Response", "result":"Success", "context":Received 6 update(s). cV=vl/S2lxLVRGIn40AWft3Vq.0;server=akswtt104000004;cloudType=Consumer;environment=Prod_francecentral_prod-s01-062-eur-francecentral;migrationStage=NotStarted}
{"logTime": "0923/120600", "correlationVector":"JgSctRVpuEL7Hma0Ib73LH","action":"Commit Request", "result":"", "context":Item count: 12
Contributing types: Sessions, History}
{"logTime": "0923/120601", "correlationVector":"JgSctRVpuEL7Hma0Ib73LH.1","action":"SyncServerConnectionManagerRequest", "result":"SYNC_SERVER_OK", "context":{"environment":"Prod_francecentral_prod-s01-062-eur-francecentral", "migrationStage":"NotStarted", "server":"akswtt104000012"}}
{"logTime": "0923/120601", "correlationVector":"JgSctRVpuEL7Hma0Ib73LH.2","action":"Commit Response", "result":"Success", "context":Result: Success. cV=JgSctRVpuEL7Hma0Ib73LH.0;server=akswtt104000012;cloudType=Consumer;environment=Prod_francecentral_prod-s01-062-eur-francecentral;migrationStage=NotStarted}
{"logTime": "0923/120738", "correlationVector":"HpWjVNvi4zjggWjaxB276W","action":"Commit Request", "result":"", "context":Item count: 5
Contributing types: Sessions, History}
{"logTime": "0923/120740", "correlationVector":"HpWjVNvi4zjggWjaxB276W.1","action":"SyncServerConnectionManagerRequest", "result":"SYNC_SERVER_OK", "context":{"environment":"Prod_francecentral_prod-s01-062-eur-francecentral", "migrationStage":"NotStarted", "server":"akswtt10400000w"}}
{"logTime": "0923/120740", "correlationVector":"HpWjVNvi4zjggWjaxB276W.2","action":"Commit Response", "result":"Success", "context":Result: Success. cV=HpWjVNvi4zjggWjaxB276W.0;server=akswtt10400000w;cloudType=Consumer;environment=Prod_francecentral_prod-s01-062-eur-francecentral;migrationStage=NotStarted}
{"logTime": "0923/120840", "correlationVector":"VM33GZZZN6xTI0Q4xlozRY","action":"Commit Request", "result":"", "context":Item count: 12
Contributing types: Sessions, History}
{"logTime": "0923/120841", "correlationVector":"VM33GZZZN6xTI0Q4xlozRY.1","action":"SyncServerConnectionManagerRequest", "result":"SYNC_SERVER_OK", "context":{"environment":"Prod_francecentral_prod-s01-062-eur-francecentral", "migrationStage":"NotStarted", "server":"akswtt10400000i"}}
{"logTime": "0923/120841", "correlationVector":"VM33GZZZN6xTI0Q4xlozRY.2","action":"Commit Response", "result":"Success", "context":Result: Success. cV=VM33GZZZN6xTI0Q4xlozRY.0;server=akswtt10400000i;cloudType=Consumer;environment=Prod_francecentral_prod-s01-062-eur-francecentral;migrationStage=NotStarted}
{"logTime": "0923/120941", "correlationVector":"kQpUzStQoBLfIlVgVtvvT6","action":"Commit Request", "result":"", "context":Item count: 3
Contributing types: Sessions, History}
{"logTime": "0923/120942", "correlationVector":"kQpUzStQoBLfIlVgVtvvT6.1","action":"SyncServerConnectionManagerRequest", "result":"SYNC_SERVER_OK", "context":{"environment":"Prod_francecentral_prod-s01-062-eur-francecentral", "migrationStage":"NotStarted", "server":"akswtt10400000o"}}
{"logTime": "0923/120942", "correlationVector":"kQpUzStQoBLfIlVgVtvvT6.2","action":"Commit Response", "result":"Success", "context":Result: Success. cV=kQpUzStQoBLfIlVgVtvvT6.0;server=akswtt10400000o;cloudType=Consumer;environment=Prod_francecentral_prod-s01-062-eur-francecentral;migrationStage=NotStarted}
{"logTime": "0923/121129", "correlationVector":"gznPlQ5g3CS5fNlJxYspzk","action":"Normal GetUpdate request", "result":"", "context":cV=gznPlQ5g3CS5fNlJxYspzk
Notified types: History}
{"logTime": "0923/121129", "correlationVector":"gznPlQ5g3CS5fNlJxYspzk.1","action":"SyncServerConnectionManagerRequest", "result":"SYNC_SERVER_OK", "context":{"environment":"Prod_francecentral_prod-s01-062-eur-francecentral", "migrationStage":"NotStarted", "server":"akswtt10400000g"}}
{"logTime": "0923/121129", "correlationVector":"gznPlQ5g3CS5fNlJxYspzk.2","action":"ProcessGetUpdates", "result":"Done", "context":{"dataType":"Sessions", "deleted":"0", "process_failed_to_decrypt":"0", "process_pending_decryption":"0", "process_success":"2", "total":"2"}}
{"logTime": "0923/121129", "correlationVector":"gznPlQ5g3CS5fNlJxYspzk.3","action":"ProcessGetUpdates", "result":"Done", "context":{"dataType":"History", "deleted":"0", "process_failed_to_decrypt":"0", "process_pending_decryption":"0", "process_success":"27", "total":"27"}}
{"logTime": "0923/121129", "correlationVector":"gznPlQ5g3CS5fNlJxYspzk.4","action":"GetUpdates Response", "result":"Success", "context":Received 29 update(s). cV=gznPlQ5g3CS5fNlJxYspzk.0;server=akswtt10400000g;cloudType=Consumer;environment=Prod_francecentral_prod-s01-062-eur-francecentral;migrationStage=NotStarted}
{"logTime": "0923/121711", "correlationVector":"4XQBzAZVRonIQl4oj/fHij","action":"Commit Request", "result":"", "context":Item count: 9
Contributing types: Sessions, History}
{"logTime": "0923/121741", "correlationVector":"4XQBzAZVRonIQl4oj/fHij","action":"SyncServerConnectionManagerRequest", "result":"CONNECTION_UNAVAILABLE", "context":{"error_type":"net_error_code", "error_value":"-7"}}
{"logTime": "0923/121741", "correlationVector":"U6u7oX7FlSB/+3MGQAjaUf.0","action":"Commit Response", "result":"Network error (ERR_TIMED_OUT)", "context":Result: Network error (ERR_TIMED_OUT). }
{"logTime": "0923/121744", "correlationVector":"gkE+CI6iU8L6QWSjlwWoJd","action":"Commit Request", "result":"", "context":Item count: 11
Contributing types: Sessions, History}
{"logTime": "0923/121826", "correlationVector":"gkE+CI6iU8L6QWSjlwWoJd","action":"SyncServerConnectionManagerRequest", "result":"CONNECTION_UNAVAILABLE", "context":{"error_type":"net_error_code", "error_value":"-118"}}
{"logTime": "0923/121826", "correlationVector":"ql+/GuAQcdLIv4n9B8ATIS.0","action":"Commit Response", "result":"Network error (ERR_CONNECTION_TIMED_OUT)", "context":Result: Network error (ERR_CONNECTION_TIMED_OUT). }
{"logTime": "0923/121830", "correlationVector":"+ftHoUbpF5tECS5UDWNpuf","action":"Commit Request", "result":"", "context":Item count: 22
Contributing types: Sessions, History}
{"logTime": "0923/121848", "correlationVector":"+ftHoUbpF5tECS5UDWNpuf","action":"SyncServerConnectionManagerRequest", "result":"CONNECTION_UNAVAILABLE", "context":{"error_type":"net_error_code", "error_value":"-105"}}
{"logTime": "0923/121848", "correlationVector":"zlfHWViyZOUbDSR0LyEXsS.0","action":"Commit Response", "result":"Network error (ERR_NAME_NOT_RESOLVED)", "context":Result: Network error (ERR_NAME_NOT_RESOLVED). }
{"logTime": "0923/121854", "correlationVector":"XlVAmxgB1uFwdEVeQuDR7Y","action":"Commit Request", "result":"", "context":Item count: 23
Contributing types: Sessions, History}
{"logTime": "0923/121858", "correlationVector":"XlVAmxgB1uFwdEVeQuDR7Y","action":"SyncServerConnectionManagerRequest", "result":"CONNECTION_UNAVAILABLE", "context":{"error_type":"net_error_code", "error_value":"-21"}}
{"logTime": "0923/121858", "correlationVector":"eTdMRiOXHOzfnd1mODhAm9.0","action":"Commit Response", "result":"Network error (ERR_NETWORK_CHANGED)", "context":Result: Network error (ERR_NETWORK_CHANGED). }
{"logTime": "0923/121906", "correlationVector":"vDytHLFZ4OF7occv4dSara","action":"Commit Request", "result":"", "context":Item count: 23
Contributing types: Sessions, History}
{"logTime": "0923/121914", "correlationVector":"vDytHLFZ4OF7occv4dSara.1","action":"SyncServerConnectionManagerRequest", "result":"SYNC_SERVER_OK", "context":{"environment":"Prod_francecentral_prod-s01-062-eur-francecentral", "migrationStage":"NotStarted", "server":"akswtt10400000m"}}
{"logTime": "0923/121914", "correlationVector":"vDytHLFZ4OF7occv4dSara.2","action":"Commit Response", "result":"Success", "context":Result: Success. cV=vDytHLFZ4OF7occv4dSara.0;server=akswtt10400000m;cloudType=Consumer;environment=Prod_francecentral_prod-s01-062-eur-francecentral;migrationStage=NotStarted}
{"logTime": "0923/155023", "correlationVector":"eC1o82Rrat2U1adkxnQfxa.1","action":"SyncServerConnectionManagerRequest", "result":"SYNC_SERVER_OK", "context":{"environment":"Prod_francecentral_prod-s01-062-eur-francecentral", "migrationStage":"NotStarted", "server":"akswtt10400000q"}}
{"logTime": "0923/155023", "correlationVector":"eC1o82Rrat2U1adkxnQfxa.2","action":"ProcessGetUpdates", "result":"Done", "context":{"dataType":"Encryption Keys", "deleted":"0", "process_failed_to_decrypt":"0", "process_pending_decryption":"0", "process_success":"1", "total":"1"}}
{"logTime": "0923/155025", "correlationVector":"A8PAsDzyB4JmiM6Ejrob3e","action":"SyncServerConnectionManagerRequest", "result":"SYNC_SERVER_OK", "context":{"environment":"", "migrationStage":"", "server":""}}
{"logTime": "0923/155025", "correlationVector":"A8PAsDzyB4JmiM6Ejrob3e.0","action":"EncryptionKeysFetcher.DownloadKeys:", "result":"Success", "context":Key count: 4, Last key timestamp: 2025-07-11T15:56:58Z}
{"logTime": "0923/155025", "correlationVector":"A8PAsDzyB4JmiM6Ejrob3e.1","action":"EncryptionKeysManager::SetEncryptionKeys:", "result":"Success", "context":Key names[4]:[1PXyHxR/luL3Hmndk+W+UIFdKW7qCNhNYGpUuOhhwkSZEx56B1fdDdPpTLggLLss7w0jJd6wdoJmMURD1ozNxQ==][bv6BBskiPDEhCqbAlP3L2HVnBolsZzD4g+qYp1amClyvjKSD8wxE0hl8UFPJAfpIVY7zdQ/2BzKWyQ9Zthx/Ag==][lLHLOcgEIOMqMYQY0OqqyPhXq4ocJBdeBWkBQZ+LjsLMHpIAO4irEqEu7b5RPP0Bi8QPNwx5GaPxdx8YkgRkAA==][8lu0HtVPLJ2cp5A5WxCjEgdfkBlXvgTHwm+38QBh9wI9oU/np3MEBcW2Lv9scJTJkwjS1Pda3WDe77x787AG9g==]}
{"logTime": "0923/155025", "correlationVector":"A8PAsDzyB4JmiM6Ejrob3e.2","action":"EncryptionKeysManager::SetEncryptionKeysWithTimestamps:", "result":"Success", "context":Key timestamps[4]:[2023-11-19T19:32:03Z][2024-07-11T07:22:16Z][2025-01-12T05:19:02Z][2025-07-11T15:56:58Z]}
{"logTime": "0923/155025", "correlationVector":"eC1o82Rrat2U1adkxnQfxa","action":"Initial GetUpdates", "result":"", "context":Reason: NEW_CLIENT. cV=eC1o82Rrat2U1adkxnQfxa}
{"logTime": "0923/155025", "correlationVector":"eC1o82Rrat2U1adkxnQfxa.3","action":"GetUpdates Response", "result":"Success", "context":Received 1 update(s). cV=eC1o82Rrat2U1adkxnQfxa.0;server=akswtt10400000q;cloudType=Consumer;environment=Prod_francecentral_prod-s01-062-eur-francecentral;migrationStage=NotStarted}
{"logTime": "0923/155025", "correlationVector":"IRFgbIBNHmOLFzyDYjPxa6","action":"Initial GetUpdates", "result":"", "context":Reason: NEWLY_SUPPORTED_DATATYPE. cV=IRFgbIBNHmOLFzyDYjPxa6}
{"logTime": "0923/155026", "correlationVector":"IRFgbIBNHmOLFzyDYjPxa6.1","action":"SyncServerConnectionManagerRequest", "result":"SYNC_SERVER_OK", "context":{"environment":"Prod_francecentral_prod-s01-062-eur-francecentral", "migrationStage":"NotStarted", "server":"akswtt10400000i"}}
{"logTime": "0923/155026", "correlationVector":"IRFgbIBNHmOLFzyDYjPxa6.2","action":"ProcessGetUpdates", "result":"Done", "context":{"dataType":"Passwords", "deleted":"1", "process_failed_to_decrypt":"0", "process_pending_decryption":"0", "process_success":"82", "total":"82"}}
{"logTime": "0923/155026", "correlationVector":"IRFgbIBNHmOLFzyDYjPxa6.3","action":"GetUpdates Response", "result":"Success", "context":Received 82 update(s). cV=IRFgbIBNHmOLFzyDYjPxa6.0;server=akswtt10400000i;cloudType=Consumer;environment=Prod_francecentral_prod-s01-062-eur-francecentral;migrationStage=NotStarted}
{"logTime": "0923/155026", "correlationVector":"Sepo4FUKDIsfV2p97Yx/fS","action":"Normal GetUpdate request", "result":"", "context":cV=Sepo4FUKDIsfV2p97Yx/fS
Nudged types: Sessions, Device Info, History
Refresh requested types: Bookmarks, Preferences, Passwords, Autofill Profiles, Autofill, Extensions, Sessions, Extension settings, History Delete Directives, Device Info, User Consents, Send Tab To Self, Web Apps, History, Saved Tab Group, WebAuthn Credentials, Collection, Edge E Drop, Edge Hub App Usage, Edge Wallet, Encryption Keys}
{"logTime": "0923/155027", "correlationVector":"Sepo4FUKDIsfV2p97Yx/fS.1","action":"SyncServerConnectionManagerRequest", "result":"SYNC_SERVER_OK", "context":{"environment":"Prod_francecentral_prod-s01-062-eur-francecentral", "migrationStage":"NotStarted", "server":"akswtt10400000q"}}
{"logTime": "0923/155027", "correlationVector":"Sepo4FUKDIsfV2p97Yx/fS.2","action":"ProcessGetUpdates", "result":"Done", "context":{"dataType":"Preferences", "deleted":"0", "process_failed_to_decrypt":"0", "process_pending_decryption":"0", "process_success":"1", "total":"1"}}
{"logTime": "0923/155027", "correlationVector":"Sepo4FUKDIsfV2p97Yx/fS.3","action":"ProcessGetUpdates", "result":"Done", "context":{"dataType":"Autofill", "deleted":"0", "process_failed_to_decrypt":"0", "process_pending_decryption":"0", "process_success":"9", "total":"9"}}
{"logTime": "0923/155027", "correlationVector":"Sepo4FUKDIsfV2p97Yx/fS.4","action":"ProcessGetUpdates", "result":"Done", "context":{"dataType":"Sessions", "deleted":"2", "process_failed_to_decrypt":"0", "process_pending_decryption":"0", "process_success":"7", "total":"7"}}
{"logTime": "0923/155027", "correlationVector":"Sepo4FUKDIsfV2p97Yx/fS.5","action":"ProcessGetUpdates", "result":"Done", "context":{"dataType":"Device Info", "deleted":"0", "process_failed_to_decrypt":"0", "process_pending_decryption":"0", "process_success":"2", "total":"2"}}
{"logTime": "0923/155027", "correlationVector":"Sepo4FUKDIsfV2p97Yx/fS.6","action":"ProcessGetUpdates", "result":"Done", "context":{"dataType":"History", "deleted":"0", "process_failed_to_decrypt":"0", "process_pending_decryption":"0", "process_success":"147", "total":"147"}}
{"logTime": "0923/155027", "correlationVector":"Sepo4FUKDIsfV2p97Yx/fS.7","action":"GetUpdates Response", "result":"Success", "context":Received 166 update(s). cV=Sepo4FUKDIsfV2p97Yx/fS.0;server=akswtt10400000q;cloudType=Consumer;environment=Prod_francecentral_prod-s01-062-eur-francecentral;migrationStage=NotStarted}
{"logTime": "0923/155058", "correlationVector":"W9EhdRhdlpHr7Kf76NUjrQ","action":"Commit Request", "result":"", "context":Item count: 2
Contributing types: Preferences, Device Info}
{"logTime": "0923/155107", "correlationVector":"W9EhdRhdlpHr7Kf76NUjrQ.1","action":"SyncServerConnectionManagerRequest", "result":"SYNC_SERVER_OK", "context":{"environment":"Prod_francecentral_prod-s01-062-eur-francecentral", "migrationStage":"NotStarted", "server":"akswtt104000009"}}
{"logTime": "0923/155107", "correlationVector":"W9EhdRhdlpHr7Kf76NUjrQ.2","action":"Commit Response", "result":"Success", "context":Result: Success. cV=W9EhdRhdlpHr7Kf76NUjrQ.0;server=akswtt104000009;cloudType=Consumer;environment=Prod_francecentral_prod-s01-062-eur-francecentral;migrationStage=NotStarted}
{"logTime": "0923/155126", "correlationVector":"pBdbhfFFywJxbrEcNHygAo","action":"Commit Request", "result":"", "context":Item count: 5
Contributing types: Sessions, Device Info, History}
{"logTime": "0923/155128", "correlationVector":"pBdbhfFFywJxbrEcNHygAo.1","action":"SyncServerConnectionManagerRequest", "result":"SYNC_SERVER_OK", "context":{"environment":"Prod_francecentral_prod-s01-062-eur-francecentral", "migrationStage":"NotStarted", "server":"akswtt10400000k"}}
{"logTime": "0923/155128", "correlationVector":"pBdbhfFFywJxbrEcNHygAo.2","action":"Commit Response", "result":"Success", "context":Result: Success. cV=pBdbhfFFywJxbrEcNHygAo.0;server=akswtt10400000k;cloudType=Consumer;environment=Prod_francecentral_prod-s01-062-eur-francecentral;migrationStage=NotStarted}
{"logTime": "0923/155249", "correlationVector":"WsWMBXZErKx+3mpBV6xGVB","action":"Commit Request", "result":"", "context":Item count: 8
Contributing types: Sessions, History}
{"logTime": "0923/155251", "correlationVector":"WsWMBXZErKx+3mpBV6xGVB.1","action":"SyncServerConnectionManagerRequest", "result":"SYNC_SERVER_OK", "context":{"environment":"Prod_francecentral_prod-s01-062-eur-francecentral", "migrationStage":"NotStarted", "server":"akswtt10400000k"}}
{"logTime": "0923/155251", "correlationVector":"WsWMBXZErKx+3mpBV6xGVB.2","action":"Commit Response", "result":"Success", "context":Result: Success. cV=WsWMBXZErKx+3mpBV6xGVB.0;server=akswtt10400000k;cloudType=Consumer;environment=Prod_francecentral_prod-s01-062-eur-francecentral;migrationStage=NotStarted}
{"logTime": "0923/155404", "correlationVector":"Kajn7klQ8mUReS7WCNQ4lN","action":"Commit Request", "result":"", "context":Item count: 3
Contributing types: Sessions, History}
{"logTime": "0923/155414", "correlationVector":"Kajn7klQ8mUReS7WCNQ4lN.1","action":"SyncServerConnectionManagerRequest", "result":"SYNC_SERVER_OK", "context":{"environment":"Prod_francecentral_prod-s01-062-eur-francecentral", "migrationStage":"NotStarted", "server":"akswtt10400000k"}}
{"logTime": "0923/155414", "correlationVector":"Kajn7klQ8mUReS7WCNQ4lN.2","action":"Commit Response", "result":"Success", "context":Result: Success. cV=Kajn7klQ8mUReS7WCNQ4lN.0;server=akswtt10400000k;cloudType=Consumer;environment=Prod_francecentral_prod-s01-062-eur-francecentral;migrationStage=NotStarted}
{"logTime": "0923/155840", "correlationVector":"amNE3PZ6Qi2unDn+lerhzT","action":"Commit Request", "result":"", "context":Item count: 6
Contributing types: Sessions, History}
{"logTime": "0923/155841", "correlationVector":"amNE3PZ6Qi2unDn+lerhzT.1","action":"SyncServerConnectionManagerRequest", "result":"SYNC_SERVER_OK", "context":{"environment":"Prod_francecentral_prod-s01-062-eur-francecentral", "migrationStage":"NotStarted", "server":"akswtt10400000m"}}
{"logTime": "0923/155841", "correlationVector":"amNE3PZ6Qi2unDn+lerhzT.2","action":"Commit Response", "result":"Success", "context":Result: Success. cV=amNE3PZ6Qi2unDn+lerhzT.0;server=akswtt10400000m;cloudType=Consumer;environment=Prod_francecentral_prod-s01-062-eur-francecentral;migrationStage=NotStarted}
{"logTime": "0923/160531", "correlationVector":"k7sV3yDIrrp+sR95D5C4Rb","action":"Commit Request", "result":"", "context":Item count: 6
Contributing types: Sessions, History}
{"logTime": "0923/160535", "correlationVector":"k7sV3yDIrrp+sR95D5C4Rb.1","action":"SyncServerConnectionManagerRequest", "result":"SYNC_SERVER_OK", "context":{"environment":"Prod_francecentral_prod-s01-062-eur-francecentral", "migrationStage":"NotStarted", "server":"akswtt104000010"}}
{"logTime": "0923/160535", "correlationVector":"k7sV3yDIrrp+sR95D5C4Rb.2","action":"Commit Response", "result":"Success", "context":Result: Success. cV=k7sV3yDIrrp+sR95D5C4Rb.0;server=akswtt104000010;cloudType=Consumer;environment=Prod_francecentral_prod-s01-062-eur-francecentral;migrationStage=NotStarted}
{"logTime": "0923/160902", "correlationVector":"q9Qe3HJACudiG6TjeAQy+E","action":"Commit Request", "result":"", "context":Item count: 1
Contributing types: Device Info}
{"logTime": "0923/160906", "correlationVector":"q9Qe3HJACudiG6TjeAQy+E.1","action":"SyncServerConnectionManagerRequest", "result":"SYNC_SERVER_OK", "context":{"environment":"Prod_westeurope_prod-s01-080-eur-westeurope", "migrationStage":"NotStarted", "server":"akswtt104000009"}}
{"logTime": "0923/160906", "correlationVector":"q9Qe3HJACudiG6TjeAQy+E.2","action":"Commit Response", "result":"Success", "context":Result: Success. cV=q9Qe3HJACudiG6TjeAQy+E.0;server=akswtt104000009;cloudType=Consumer;environment=Prod_westeurope_prod-s01-080-eur-westeurope;migrationStage=NotStarted}
{"logTime": "0923/160906", "correlationVector":"EWDqijwOXahKuz3uyTaFNQ","action":"Commit Request", "result":"", "context":Item count: 2
Contributing types: Preferences, Device Info}
{"logTime": "0923/160907", "correlationVector":"EWDqijwOXahKuz3uyTaFNQ.1","action":"SyncServerConnectionManagerRequest", "result":"SYNC_SERVER_OK", "context":{"environment":"Prod_westeurope_prod-s01-080-eur-westeurope", "migrationStage":"NotStarted", "server":"akswtt10400000c"}}
{"logTime": "0923/160907", "correlationVector":"EWDqijwOXahKuz3uyTaFNQ.2","action":"Commit Response", "result":"Success", "context":Result: Success. cV=EWDqijwOXahKuz3uyTaFNQ.0;server=akswtt10400000c;cloudType=Consumer;environment=Prod_westeurope_prod-s01-080-eur-westeurope;migrationStage=NotStarted}
{"logTime": "0923/161627", "correlationVector":"Xtp8zXMoHzBk2K499A1k7h","action":"Commit Request", "result":"", "context":Item count: 1
Contributing types: Sessions}
{"logTime": "0923/161659", "correlationVector":"Xtp8zXMoHzBk2K499A1k7h","action":"SyncServerConnectionManagerRequest", "result":"CONNECTION_UNAVAILABLE", "context":{"error_type":"net_error_code", "error_value":"-7"}}
{"logTime": "0923/161659", "correlationVector":"RFxIxTdSZ5MDjhkrQx3ph2.0","action":"Commit Response", "result":"Network error (ERR_TIMED_OUT)", "context":Result: Network error (ERR_TIMED_OUT). }
{"logTime": "0923/161701", "correlationVector":"diZWsjrH9Jh6mRD+UF0Qa7","action":"Commit Request", "result":"", "context":Item count: 1
Contributing types: Sessions}
{"logTime": "0923/161705", "correlationVector":"diZWsjrH9Jh6mRD+UF0Qa7.1","action":"SyncServerConnectionManagerRequest", "result":"SYNC_SERVER_OK", "context":{"environment":"Prod_francecentral_prod-s01-062-eur-francecentral", "migrationStage":"NotStarted", "server":"akswtt10400000j"}}
{"logTime": "0923/161705", "correlationVector":"diZWsjrH9Jh6mRD+UF0Qa7.2","action":"Commit Response", "result":"Success", "context":Result: Success. cV=diZWsjrH9Jh6mRD+UF0Qa7.0;server=akswtt10400000j;cloudType=Consumer;environment=Prod_francecentral_prod-s01-062-eur-francecentral;migrationStage=NotStarted}
{"logTime": "0923/163006", "correlationVector":"5WxSeoSHpClj2lic+Uuxu3","action":"Commit Request", "result":"", "context":Item count: 1
Contributing types: Sessions}
{"logTime": "0923/163007", "correlationVector":"5WxSeoSHpClj2lic+Uuxu3.1","action":"SyncServerConnectionManagerRequest", "result":"SYNC_SERVER_OK", "context":{"environment":"Prod_francecentral_prod-s01-062-eur-francecentral", "migrationStage":"NotStarted", "server":"akswtt10400000a"}}
{"logTime": "0923/163007", "correlationVector":"5WxSeoSHpClj2lic+Uuxu3.2","action":"Commit Response", "result":"Success", "context":Result: Success. cV=5WxSeoSHpClj2lic+Uuxu3.0;server=akswtt10400000a;cloudType=Consumer;environment=Prod_francecentral_prod-s01-062-eur-francecentral;migrationStage=NotStarted}
{"logTime": "0923/163632", "correlationVector":"aYH1Y6HumTXKyh4KVKu8Pq","action":"Commit Request", "result":"", "context":Item count: 6
Contributing types: Sessions, History}
{"logTime": "0923/163633", "correlationVector":"aYH1Y6HumTXKyh4KVKu8Pq.1","action":"SyncServerConnectionManagerRequest", "result":"SYNC_SERVER_OK", "context":{"environment":"Prod_francecentral_prod-s01-062-eur-francecentral", "migrationStage":"NotStarted", "server":"akswtt10400000q"}}
{"logTime": "0923/163633", "correlationVector":"aYH1Y6HumTXKyh4KVKu8Pq.2","action":"Commit Response", "result":"Success", "context":Result: Success. cV=aYH1Y6HumTXKyh4KVKu8Pq.0;server=akswtt10400000q;cloudType=Consumer;environment=Prod_francecentral_prod-s01-062-eur-francecentral;migrationStage=NotStarted}
{"logTime": "0923/164526", "correlationVector":"JLYBkVkrSn/BwoQAghUlaX","action":"Commit Request", "result":"", "context":Item count: 1
Contributing types: Sessions}
{"logTime": "0923/164531", "correlationVector":"JLYBkVkrSn/BwoQAghUlaX.1","action":"SyncServerConnectionManagerRequest", "result":"SYNC_SERVER_OK", "context":{"environment":"Prod_westeurope_prod-s01-080-eur-westeurope", "migrationStage":"NotStarted", "server":"akswtt10400000a"}}
{"logTime": "0923/164531", "correlationVector":"JLYBkVkrSn/BwoQAghUlaX.2","action":"Commit Response", "result":"Success", "context":Result: Success. cV=JLYBkVkrSn/BwoQAghUlaX.0;server=akswtt10400000a;cloudType=Consumer;environment=Prod_westeurope_prod-s01-080-eur-westeurope;migrationStage=NotStarted}
{"logTime": "0923/164842", "correlationVector":"Ygn+0Tkoaz15cBvTs1E2vW","action":"Commit Request", "result":"", "context":Item count: 6
Contributing types: Sessions, History}
{"logTime": "0923/164938", "correlationVector":"Ygn+0Tkoaz15cBvTs1E2vW","action":"SyncServerConnectionManagerRequest", "result":"CONNECTION_UNAVAILABLE", "context":{"error_type":"net_error_code", "error_value":"-7"}}
{"logTime": "0923/164938", "correlationVector":"0ArsBNYAjZycmxf/nwSUWP.0","action":"Commit Response", "result":"Network error (ERR_TIMED_OUT)", "context":Result: Network error (ERR_TIMED_OUT). }
{"logTime": "0923/164940", "correlationVector":"noOW2frkDsw2C64C05Bjse","action":"Commit Request", "result":"", "context":Item count: 8
Contributing types: Sessions, History}
{"logTime": "0923/164941", "correlationVector":"noOW2frkDsw2C64C05Bjse.1","action":"SyncServerConnectionManagerRequest", "result":"SYNC_SERVER_OK", "context":{"environment":"Prod_westeurope_prod-s01-080-eur-westeurope", "migrationStage":"NotStarted", "server":"akswtt10400000b"}}
{"logTime": "0923/164941", "correlationVector":"noOW2frkDsw2C64C05Bjse.2","action":"Commit Response", "result":"Success", "context":Result: Success. cV=noOW2frkDsw2C64C05Bjse.0;server=akswtt10400000b;cloudType=Consumer;environment=Prod_westeurope_prod-s01-080-eur-westeurope;migrationStage=NotStarted}
{"logTime": "0923/165806", "correlationVector":"sORjz7goZcSrnP0ixpKNUz","action":"Commit Request", "result":"", "context":Item count: 4
Contributing types: Sessions, History}
{"logTime": "0923/165808", "correlationVector":"sORjz7goZcSrnP0ixpKNUz.1","action":"SyncServerConnectionManagerRequest", "result":"SYNC_SERVER_OK", "context":{"environment":"Prod_westeurope_prod-s01-080-eur-westeurope", "migrationStage":"NotStarted", "server":"akswtt10400000m"}}
{"logTime": "0923/165808", "correlationVector":"sORjz7goZcSrnP0ixpKNUz.2","action":"Commit Response", "result":"Success", "context":Result: Success. cV=sORjz7goZcSrnP0ixpKNUz.0;server=akswtt10400000m;cloudType=Consumer;environment=Prod_westeurope_prod-s01-080-eur-westeurope;migrationStage=NotStarted}
{"logTime": "0923/171043", "correlationVector":"Up+40ka2zxco8Z4wF71fjW","action":"Commit Request", "result":"", "context":Item count: 3
Contributing types: Sessions, History}
{"logTime": "0923/171044", "correlationVector":"Up+40ka2zxco8Z4wF71fjW.1","action":"SyncServerConnectionManagerRequest", "result":"SYNC_SERVER_OK", "context":{"environment":"Prod_westeurope_prod-s01-080-eur-westeurope", "migrationStage":"NotStarted", "server":"akswtt10400000m"}}
{"logTime": "0923/171044", "correlationVector":"Up+40ka2zxco8Z4wF71fjW.2","action":"Commit Response", "result":"Success", "context":Result: Success. cV=Up+40ka2zxco8Z4wF71fjW.0;server=akswtt10400000m;cloudType=Consumer;environment=Prod_westeurope_prod-s01-080-eur-westeurope;migrationStage=NotStarted}
{"logTime": "0923/171144", "correlationVector":"NiIeSCovEzeecI570fA1Ud","action":"Commit Request", "result":"", "context":Item count: 7
Contributing types: Sessions, History}
{"logTime": "0923/171148", "correlationVector":"NiIeSCovEzeecI570fA1Ud.1","action":"SyncServerConnectionManagerRequest", "result":"SYNC_SERVER_OK", "context":{"environment":"Prod_francecentral_prod-s01-062-eur-francecentral", "migrationStage":"NotStarted", "server":"akswtt104000014"}}
{"logTime": "0923/171148", "correlationVector":"NiIeSCovEzeecI570fA1Ud.2","action":"Commit Response", "result":"Success", "context":Result: Success. cV=NiIeSCovEzeecI570fA1Ud.0;server=akswtt104000014;cloudType=Consumer;environment=Prod_francecentral_prod-s01-062-eur-francecentral;migrationStage=NotStarted}
{"logTime": "0923/171255", "correlationVector":"MtwPyFCHyQdOHvc7qdr2Xi","action":"Commit Request", "result":"", "context":Item count: 9
Contributing types: Sessions, History}
{"logTime": "0923/171256", "correlationVector":"MtwPyFCHyQdOHvc7qdr2Xi.1","action":"SyncServerConnectionManagerRequest", "result":"SYNC_SERVER_OK", "context":{"environment":"Prod_francecentral_prod-s01-062-eur-francecentral", "migrationStage":"NotStarted", "server":"akswtt10400000j"}}
{"logTime": "0923/171256", "correlationVector":"MtwPyFCHyQdOHvc7qdr2Xi.2","action":"Commit Response", "result":"Success", "context":Result: Success. cV=MtwPyFCHyQdOHvc7qdr2Xi.0;server=akswtt10400000j;cloudType=Consumer;environment=Prod_francecentral_prod-s01-062-eur-francecentral;migrationStage=NotStarted}
{"logTime": "0923/171358", "correlationVector":"bEynP9eLncZ7uJtHiXM5/H","action":"Commit Request", "result":"", "context":Item count: 7
Contributing types: Sessions, History}
{"logTime": "0923/171359", "correlationVector":"bEynP9eLncZ7uJtHiXM5/H.1","action":"SyncServerConnectionManagerRequest", "result":"SYNC_SERVER_OK", "context":{"environment":"Prod_francecentral_prod-s01-062-eur-francecentral", "migrationStage":"NotStarted", "server":"akswtt10400000w"}}
{"logTime": "0923/171359", "correlationVector":"bEynP9eLncZ7uJtHiXM5/H.2","action":"Commit Response", "result":"Success", "context":Result: Success. cV=bEynP9eLncZ7uJtHiXM5/H.0;server=akswtt10400000w;cloudType=Consumer;environment=Prod_francecentral_prod-s01-062-eur-francecentral;migrationStage=NotStarted}
{"logTime": "0923/171626", "correlationVector":"1SyWLFP8SOZv/8tyRmynrd","action":"Commit Request", "result":"", "context":Item count: 7
Contributing types: Sessions, History}
{"logTime": "0923/171630", "correlationVector":"1SyWLFP8SOZv/8tyRmynrd.1","action":"SyncServerConnectionManagerRequest", "result":"SYNC_SERVER_OK", "context":{"environment":"Prod_westeurope_prod-s01-080-eur-westeurope", "migrationStage":"NotStarted", "server":"akswtt10400000t"}}
{"logTime": "0923/171630", "correlationVector":"1SyWLFP8SOZv/8tyRmynrd.2","action":"Commit Response", "result":"Success", "context":Result: Success. cV=1SyWLFP8SOZv/8tyRmynrd.0;server=akswtt10400000t;cloudType=Consumer;environment=Prod_westeurope_prod-s01-080-eur-westeurope;migrationStage=NotStarted}
{"logTime": "0923/171730", "correlationVector":"nFb58fv7uVF2LLLjO5ShBM","action":"Commit Request", "result":"", "context":Item count: 3
Contributing types: Sessions, History}
{"logTime": "0923/171731", "correlationVector":"nFb58fv7uVF2LLLjO5ShBM.1","action":"SyncServerConnectionManagerRequest", "result":"SYNC_SERVER_OK", "context":{"environment":"Prod_westeurope_prod-s01-080-eur-westeurope", "migrationStage":"NotStarted", "server":"akswtt10400000m"}}
{"logTime": "0923/171731", "correlationVector":"nFb58fv7uVF2LLLjO5ShBM.2","action":"Commit Response", "result":"Success", "context":Result: Success. cV=nFb58fv7uVF2LLLjO5ShBM.0;server=akswtt10400000m;cloudType=Consumer;environment=Prod_westeurope_prod-s01-080-eur-westeurope;migrationStage=NotStarted}
{"logTime": "0924/173128", "correlationVector":"Fxmtpy8WflTAsiOy4Uhj6I.1","action":"SyncServerConnectionManagerRequest", "result":"SYNC_SERVER_OK", "context":{"environment":"Prod_francecentral_prod-s01-062-eur-francecentral", "migrationStage":"NotStarted", "server":"akswtt10400000f"}}
{"logTime": "0924/173128", "correlationVector":"Fxmtpy8WflTAsiOy4Uhj6I.2","action":"ProcessGetUpdates", "result":"Done", "context":{"dataType":"Encryption Keys", "deleted":"0", "process_failed_to_decrypt":"0", "process_pending_decryption":"0", "process_success":"1", "total":"1"}}
{"logTime": "0924/173129", "correlationVector":"NKJExvsPMPJ625G8cjYHtH","action":"SyncServerConnectionManagerRequest", "result":"SYNC_SERVER_OK", "context":{"environment":"", "migrationStage":"", "server":""}}
{"logTime": "0924/173129", "correlationVector":"NKJExvsPMPJ625G8cjYHtH.0","action":"EncryptionKeysFetcher.DownloadKeys:", "result":"Success", "context":Key count: 4, Last key timestamp: 2025-07-11T15:56:58Z}
{"logTime": "0924/173129", "correlationVector":"NKJExvsPMPJ625G8cjYHtH.1","action":"EncryptionKeysManager::SetEncryptionKeys:", "result":"Success", "context":Key names[4]:[1PXyHxR/luL3Hmndk+W+UIFdKW7qCNhNYGpUuOhhwkSZEx56B1fdDdPpTLggLLss7w0jJd6wdoJmMURD1ozNxQ==][bv6BBskiPDEhCqbAlP3L2HVnBolsZzD4g+qYp1amClyvjKSD8wxE0hl8UFPJAfpIVY7zdQ/2BzKWyQ9Zthx/Ag==][lLHLOcgEIOMqMYQY0OqqyPhXq4ocJBdeBWkBQZ+LjsLMHpIAO4irEqEu7b5RPP0Bi8QPNwx5GaPxdx8YkgRkAA==][8lu0HtVPLJ2cp5A5WxCjEgdfkBlXvgTHwm+38QBh9wI9oU/np3MEBcW2Lv9scJTJkwjS1Pda3WDe77x787AG9g==]}
{"logTime": "0924/173129", "correlationVector":"NKJExvsPMPJ625G8cjYHtH.2","action":"EncryptionKeysManager::SetEncryptionKeysWithTimestamps:", "result":"Success", "context":Key timestamps[4]:[2023-11-19T19:32:03Z][2024-07-11T07:22:16Z][2025-01-12T05:19:02Z][2025-07-11T15:56:58Z]}
{"logTime": "0924/173129", "correlationVector":"Fxmtpy8WflTAsiOy4Uhj6I","action":"Initial GetUpdates", "result":"", "context":Reason: NEW_CLIENT. cV=Fxmtpy8WflTAsiOy4Uhj6I}
{"logTime": "0924/173129", "correlationVector":"Fxmtpy8WflTAsiOy4Uhj6I.3","action":"GetUpdates Response", "result":"Success", "context":Received 1 update(s). cV=Fxmtpy8WflTAsiOy4Uhj6I.0;server=akswtt10400000f;cloudType=Consumer;environment=Prod_francecentral_prod-s01-062-eur-francecentral;migrationStage=NotStarted}
{"logTime": "0924/173129", "correlationVector":"9qSFXN56m9NfCYZrbmYAW8","action":"Initial GetUpdates", "result":"", "context":Reason: NEWLY_SUPPORTED_DATATYPE. cV=9qSFXN56m9NfCYZrbmYAW8}
{"logTime": "0924/173130", "correlationVector":"9qSFXN56m9NfCYZrbmYAW8.1","action":"SyncServerConnectionManagerRequest", "result":"SYNC_SERVER_OK", "context":{"environment":"Prod_francecentral_prod-s01-062-eur-francecentral", "migrationStage":"NotStarted", "server":"akswtt10400000y"}}
{"logTime": "0924/173130", "correlationVector":"9qSFXN56m9NfCYZrbmYAW8.2","action":"ProcessGetUpdates", "result":"Done", "context":{"dataType":"Passwords", "deleted":"1", "process_failed_to_decrypt":"0", "process_pending_decryption":"0", "process_success":"82", "total":"82"}}
{"logTime": "0924/173130", "correlationVector":"9qSFXN56m9NfCYZrbmYAW8.3","action":"GetUpdates Response", "result":"Success", "context":Received 82 update(s). cV=9qSFXN56m9NfCYZrbmYAW8.0;server=akswtt10400000y;cloudType=Consumer;environment=Prod_francecentral_prod-s01-062-eur-francecentral;migrationStage=NotStarted}
{"logTime": "0924/173130", "correlationVector":"f6567+V/Q2UVksEhshHphm","action":"Normal GetUpdate request", "result":"", "context":cV=f6567+V/Q2UVksEhshHphm
Nudged types: Sessions, Device Info, History
Refresh requested types: Bookmarks, Preferences, Passwords, Autofill Profiles, Autofill, Extensions, Sessions, Extension settings, History Delete Directives, Device Info, User Consents, Send Tab To Self, Web Apps, History, Saved Tab Group, WebAuthn Credentials, Collection, Edge E Drop, Edge Hub App Usage, Edge Wallet, Encryption Keys}
{"logTime": "0924/173131", "correlationVector":"f6567+V/Q2UVksEhshHphm.1","action":"SyncServerConnectionManagerRequest", "result":"SYNC_SERVER_OK", "context":{"environment":"Prod_francecentral_prod-s01-062-eur-francecentral", "migrationStage":"NotStarted", "server":"akswtt10400000f"}}
{"logTime": "0924/173131", "correlationVector":"f6567+V/Q2UVksEhshHphm.2","action":"ProcessGetUpdates", "result":"Done", "context":{"dataType":"Preferences", "deleted":"0", "process_failed_to_decrypt":"0", "process_pending_decryption":"0", "process_success":"4", "total":"4"}}
{"logTime": "0924/173131", "correlationVector":"f6567+V/Q2UVksEhshHphm.3","action":"ProcessGetUpdates", "result":"Done", "context":{"dataType":"Autofill", "deleted":"0", "process_failed_to_decrypt":"0", "process_pending_decryption":"0", "process_success":"1", "total":"1"}}
{"logTime": "0924/173131", "correlationVector":"f6567+V/Q2UVksEhshHphm.4","action":"ProcessGetUpdates", "result":"Done", "context":{"dataType":"Sessions", "deleted":"10", "process_failed_to_decrypt":"0", "process_pending_decryption":"0", "process_success":"27", "total":"27"}}
{"logTime": "0924/173131", "correlationVector":"f6567+V/Q2UVksEhshHphm.5","action":"ProcessGetUpdates", "result":"Done", "context":{"dataType":"Device Info", "deleted":"0", "process_failed_to_decrypt":"0", "process_pending_decryption":"0", "process_success":"2", "total":"2"}}
{"logTime": "0924/173131", "correlationVector":"f6567+V/Q2UVksEhshHphm.6","action":"ProcessGetUpdates", "result":"Done", "context":{"dataType":"History", "deleted":"0", "process_failed_to_decrypt":"0", "process_pending_decryption":"0", "process_success":"199", "total":"199"}}
{"logTime": "0924/173131", "correlationVector":"f6567+V/Q2UVksEhshHphm.7","action":"GetUpdates Response", "result":"Success", "context":Received 233 update(s). cV=f6567+V/Q2UVksEhshHphm.0;server=akswtt10400000f;cloudType=Consumer;environment=Prod_francecentral_prod-s01-062-eur-francecentral;migrationStage=NotStarted}
{"logTime": "0924/173215", "correlationVector":"/4+Zh7LhqUJ7cByk0O4qRN","action":"Commit Request", "result":"", "context":Item count: 2
Contributing types: Preferences, Device Info}
{"logTime": "0924/173216", "correlationVector":"/4+Zh7LhqUJ7cByk0O4qRN.1","action":"SyncServerConnectionManagerRequest", "result":"SYNC_SERVER_OK", "context":{"environment":"Prod_francecentral_prod-s01-062-eur-francecentral", "migrationStage":"NotStarted", "server":"akswtt10400000b"}}
{"logTime": "0924/173216", "correlationVector":"/4+Zh7LhqUJ7cByk0O4qRN.2","action":"Commit Response", "result":"Success", "context":Result: Success. cV=/4+Zh7LhqUJ7cByk0O4qRN.0;server=akswtt10400000b;cloudType=Consumer;environment=Prod_francecentral_prod-s01-062-eur-francecentral;migrationStage=NotStarted}
{"logTime": "0924/173216", "correlationVector":"nKjxfD1CR2GcM3NvyPsmwT","action":"Poll GetUpdate request", "result":"", "context":cV=nKjxfD1CR2GcM3NvyPsmwT}
{"logTime": "0924/173216", "correlationVector":"nKjxfD1CR2GcM3NvyPsmwT.1","action":"SyncServerConnectionManagerRequest", "result":"SYNC_SERVER_OK", "context":{"environment":"Prod_francecentral_prod-s01-062-eur-francecentral", "migrationStage":"NotStarted", "server":"akswtt10400000h"}}
{"logTime": "0924/173216", "correlationVector":"nKjxfD1CR2GcM3NvyPsmwT.2","action":"ProcessGetUpdates", "result":"Done", "context":{"dataType":"Preferences", "deleted":"0", "process_failed_to_decrypt":"0", "process_pending_decryption":"0", "process_success":"1", "total":"1"}}
{"logTime": "0924/173216", "correlationVector":"nKjxfD1CR2GcM3NvyPsmwT.3","action":"ProcessGetUpdates", "result":"Done", "context":{"dataType":"Device Info", "deleted":"0", "process_failed_to_decrypt":"0", "process_pending_decryption":"0", "process_success":"1", "total":"1"}}
{"logTime": "0924/173216", "correlationVector":"nKjxfD1CR2GcM3NvyPsmwT.4","action":"GetUpdates Response", "result":"Success", "context":Received 2 update(s). cV=nKjxfD1CR2GcM3NvyPsmwT.0;server=akswtt10400000h;cloudType=Consumer;environment=Prod_francecentral_prod-s01-062-eur-francecentral;migrationStage=NotStarted}
{"logTime": "0924/173303", "correlationVector":"nosM0vv9ORkagRykjLhNam","action":"Commit Request", "result":"", "context":Item count: 5
Contributing types: Sessions, Device Info, History}
{"logTime": "0924/173304", "correlationVector":"nosM0vv9ORkagRykjLhNam.1","action":"SyncServerConnectionManagerRequest", "result":"SYNC_SERVER_OK", "context":{"environment":"Prod_francecentral_prod-s01-062-eur-francecentral", "migrationStage":"NotStarted", "server":"akswtt10400000j"}}
{"logTime": "0924/173304", "correlationVector":"nosM0vv9ORkagRykjLhNam.2","action":"Commit Response", "result":"Success", "context":Result: Success. cV=nosM0vv9ORkagRykjLhNam.0;server=akswtt10400000j;cloudType=Consumer;environment=Prod_francecentral_prod-s01-062-eur-francecentral;migrationStage=NotStarted}
{"logTime": "0924/173404", "correlationVector":"YYRUmFj+0dVfUA8WU5gzLs","action":"Commit Request", "result":"", "context":Item count: 5
Contributing types: Sessions, History}
{"logTime": "0924/173405", "correlationVector":"YYRUmFj+0dVfUA8WU5gzLs.1","action":"SyncServerConnectionManagerRequest", "result":"SYNC_SERVER_OK", "context":{"environment":"Prod_francecentral_prod-s01-062-eur-francecentral", "migrationStage":"NotStarted", "server":"akswtt10400000i"}}
{"logTime": "0924/173405", "correlationVector":"YYRUmFj+0dVfUA8WU5gzLs.2","action":"Commit Response", "result":"Success", "context":Result: Success. cV=YYRUmFj+0dVfUA8WU5gzLs.0;server=akswtt10400000i;cloudType=Consumer;environment=Prod_francecentral_prod-s01-062-eur-francecentral;migrationStage=NotStarted}
{"logTime": "0924/173425", "correlationVector":"MooI5Mc6C9GsRA8Em+4gI7","action":"Commit Request", "result":"", "context":Item count: 5
Contributing types: Sessions, Device Info, History}
{"logTime": "0924/173427", "correlationVector":"MooI5Mc6C9GsRA8Em+4gI7.1","action":"SyncServerConnectionManagerRequest", "result":"SYNC_SERVER_OK", "context":{"environment":"Prod_francecentral_prod-s01-062-eur-francecentral", "migrationStage":"NotStarted", "server":"akswtt10400000n"}}
{"logTime": "0924/173427", "correlationVector":"MooI5Mc6C9GsRA8Em+4gI7.2","action":"Commit Response", "result":"Success", "context":Result: Success. cV=MooI5Mc6C9GsRA8Em+4gI7.0;server=akswtt10400000n;cloudType=Consumer;environment=Prod_francecentral_prod-s01-062-eur-francecentral;migrationStage=NotStarted}
{"logTime": "0924/173428", "correlationVector":"AIDHiJG8Sy5TdgMI79F5qB","action":"Commit Request", "result":"", "context":Item count: 1
Contributing types: Device Info}
{"logTime": "0924/173428", "correlationVector":"AIDHiJG8Sy5TdgMI79F5qB.1","action":"SyncServerConnectionManagerRequest", "result":"SYNC_SERVER_OK", "context":{"environment":"Prod_francecentral_prod-s01-062-eur-francecentral", "migrationStage":"NotStarted", "server":"akswtt10400000q"}}
{"logTime": "0924/173428", "correlationVector":"AIDHiJG8Sy5TdgMI79F5qB.2","action":"Commit Response", "result":"Success", "context":Result: Success. cV=AIDHiJG8Sy5TdgMI79F5qB.0;server=akswtt10400000q;cloudType=Consumer;environment=Prod_francecentral_prod-s01-062-eur-francecentral;migrationStage=NotStarted}
{"logTime": "0924/173429", "correlationVector":"WTSRwnWcJO5aK7NxihA0Aq","action":"Commit Request", "result":"", "context":Item count: 2
Contributing types: Preferences, Device Info}
{"logTime": "0924/173429", "correlationVector":"WTSRwnWcJO5aK7NxihA0Aq.1","action":"SyncServerConnectionManagerRequest", "result":"SYNC_SERVER_OK", "context":{"environment":"Prod_francecentral_prod-s01-062-eur-francecentral", "migrationStage":"NotStarted", "server":"akswtt104000008"}}
{"logTime": "0924/173429", "correlationVector":"WTSRwnWcJO5aK7NxihA0Aq.2","action":"Commit Response", "result":"Success", "context":Result: Success. cV=WTSRwnWcJO5aK7NxihA0Aq.0;server=akswtt104000008;cloudType=Consumer;environment=Prod_francecentral_prod-s01-062-eur-francecentral;migrationStage=NotStarted}
{"logTime": "0924/173500", "correlationVector":"QuI+EbVNRntu1dZs/Ac1w4","action":"Commit Request", "result":"", "context":Item count: 4
Contributing types: Sessions, Device Info, History}
{"logTime": "0924/173501", "correlationVector":"QuI+EbVNRntu1dZs/Ac1w4.1","action":"SyncServerConnectionManagerRequest", "result":"SYNC_SERVER_OK", "context":{"environment":"Prod_francecentral_prod-s01-062-eur-francecentral", "migrationStage":"NotStarted", "server":"akswtt10400000z"}}
{"logTime": "0924/173501", "correlationVector":"QuI+EbVNRntu1dZs/Ac1w4.2","action":"Commit Response", "result":"Success", "context":Result: Success. cV=QuI+EbVNRntu1dZs/Ac1w4.0;server=akswtt10400000z;cloudType=Consumer;environment=Prod_francecentral_prod-s01-062-eur-francecentral;migrationStage=NotStarted}
{"logTime": "0924/173501", "correlationVector":"bNRO6s7/ak/NPxUAkdJ+az","action":"Commit Request", "result":"", "context":Item count: 2
Contributing types: Preferences, Device Info}
{"logTime": "0924/173502", "correlationVector":"bNRO6s7/ak/NPxUAkdJ+az.1","action":"SyncServerConnectionManagerRequest", "result":"SYNC_SERVER_OK", "context":{"environment":"Prod_francecentral_prod-s01-062-eur-francecentral", "migrationStage":"NotStarted", "server":"akswtt10400000p"}}
{"logTime": "0924/173502", "correlationVector":"bNRO6s7/ak/NPxUAkdJ+az.2","action":"Commit Response", "result":"Success", "context":Result: Success. cV=bNRO6s7/ak/NPxUAkdJ+az.0;server=akswtt10400000p;cloudType=Consumer;environment=Prod_francecentral_prod-s01-062-eur-francecentral;migrationStage=NotStarted}
{"logTime": "0924/173805", "correlationVector":"m1lBUiDWNL6eR41suEcQGc","action":"Commit Request", "result":"", "context":Item count: 5
Contributing types: Sessions, History}
{"logTime": "0924/173807", "correlationVector":"m1lBUiDWNL6eR41suEcQGc.1","action":"SyncServerConnectionManagerRequest", "result":"SYNC_SERVER_OK", "context":{"environment":"Prod_francecentral_prod-s01-062-eur-francecentral", "migrationStage":"NotStarted", "server":"akswtt10400001m"}}
{"logTime": "0924/173807", "correlationVector":"m1lBUiDWNL6eR41suEcQGc.2","action":"Commit Response", "result":"Success", "context":Result: Success. cV=m1lBUiDWNL6eR41suEcQGc.0;server=akswtt10400001m;cloudType=Consumer;environment=Prod_francecentral_prod-s01-062-eur-francecentral;migrationStage=NotStarted}
{"logTime": "0924/174109", "correlationVector":"Qzn4iPpbroa6fq8HWkey71","action":"Commit Request", "result":"", "context":Item count: 3
Contributing types: Sessions, History}
{"logTime": "0924/174110", "correlationVector":"Qzn4iPpbroa6fq8HWkey71.1","action":"SyncServerConnectionManagerRequest", "result":"SYNC_SERVER_OK", "context":{"environment":"Prod_francecentral_prod-s01-062-eur-francecentral", "migrationStage":"NotStarted", "server":"akswtt10400000c"}}
{"logTime": "0924/174110", "correlationVector":"Qzn4iPpbroa6fq8HWkey71.2","action":"Commit Response", "result":"Success", "context":Result: Success. cV=Qzn4iPpbroa6fq8HWkey71.0;server=akswtt10400000c;cloudType=Consumer;environment=Prod_francecentral_prod-s01-062-eur-francecentral;migrationStage=NotStarted}
{"logTime": "0924/174242", "correlationVector":"WwXaxRiup4zIMte58oDlMU","action":"Commit Request", "result":"", "context":Item count: 4
Contributing types: Sessions, History}
{"logTime": "0924/174243", "correlationVector":"WwXaxRiup4zIMte58oDlMU.1","action":"SyncServerConnectionManagerRequest", "result":"SYNC_SERVER_OK", "context":{"environment":"Prod_francecentral_prod-s01-062-eur-francecentral", "migrationStage":"NotStarted", "server":"akswtt10400000q"}}
{"logTime": "0924/174243", "correlationVector":"WwXaxRiup4zIMte58oDlMU.2","action":"Commit Response", "result":"Success", "context":Result: Success. cV=WwXaxRiup4zIMte58oDlMU.0;server=akswtt10400000q;cloudType=Consumer;environment=Prod_francecentral_prod-s01-062-eur-francecentral;migrationStage=NotStarted}
{"logTime": "0924/174632", "correlationVector":"6MCb+yrPMyL71h+00MaKAo","action":"Commit Request", "result":"", "context":Item count: 1
Contributing types: Sessions}
{"logTime": "0924/174633", "correlationVector":"6MCb+yrPMyL71h+00MaKAo.1","action":"SyncServerConnectionManagerRequest", "result":"SYNC_SERVER_OK", "context":{"environment":"Prod_francecentral_prod-s01-062-eur-francecentral", "migrationStage":"NotStarted", "server":"akswtt10400000i"}}
{"logTime": "0924/174633", "correlationVector":"6MCb+yrPMyL71h+00MaKAo.2","action":"Commit Response", "result":"Success", "context":Result: Success. cV=6MCb+yrPMyL71h+00MaKAo.0;server=akswtt10400000i;cloudType=Consumer;environment=Prod_francecentral_prod-s01-062-eur-francecentral;migrationStage=NotStarted}
{"logTime": "0930/171300", "correlationVector":"0O5/7hRlPwIi8a5klVdxPm","action":"SyncServerConnectionManagerRequest", "result":"CONNECTION_UNAVAILABLE", "context":{"error_type":"net_error_code", "error_value":"-7"}}
{"logTime": "0930/171305", "correlationVector":"w2SmMmlNL+kcvGfmZ5AnNY.1","action":"SyncServerConnectionManagerRequest", "result":"SYNC_SERVER_OK", "context":{"environment":"", "migrationStage":"", "server":""}}
{"logTime": "0930/171305", "correlationVector":"w2SmMmlNL+kcvGfmZ5AnNY.2","action":"EncryptionKeysFetcher.DownloadKeys:", "result":"Success", "context":Key count: 4, Last key timestamp: 2025-07-11T15:56:58Z}
{"logTime": "0930/171305", "correlationVector":"w2SmMmlNL+kcvGfmZ5AnNY.3","action":"EncryptionKeysManager::SetEncryptionKeys:", "result":"Success", "context":Key names[4]:[1PXyHxR/luL3Hmndk+W+UIFdKW7qCNhNYGpUuOhhwkSZEx56B1fdDdPpTLggLLss7w0jJd6wdoJmMURD1ozNxQ==][bv6BBskiPDEhCqbAlP3L2HVnBolsZzD4g+qYp1amClyvjKSD8wxE0hl8UFPJAfpIVY7zdQ/2BzKWyQ9Zthx/Ag==][lLHLOcgEIOMqMYQY0OqqyPhXq4ocJBdeBWkBQZ+LjsLMHpIAO4irEqEu7b5RPP0Bi8QPNwx5GaPxdx8YkgRkAA==][8lu0HtVPLJ2cp5A5WxCjEgdfkBlXvgTHwm+38QBh9wI9oU/np3MEBcW2Lv9scJTJkwjS1Pda3WDe77x787AG9g==]}
{"logTime": "0930/171305", "correlationVector":"w2SmMmlNL+kcvGfmZ5AnNY.4","action":"EncryptionKeysManager::SetEncryptionKeysWithTimestamps:", "result":"Success", "context":Key timestamps[4]:[2023-11-19T19:32:03Z][2024-07-11T07:22:16Z][2025-01-12T05:19:02Z][2025-07-11T15:56:58Z]}
{"logTime": "0930/171330", "correlationVector":"13SGl2Zt5KRgUa3AA7Bz+m.1","action":"SyncServerConnectionManagerRequest", "result":"SYNC_SERVER_OK", "context":{"environment":"Prod_francecentral_prod-s01-062-eur-francecentral", "migrationStage":"NotStarted", "server":"akswtt104000012"}}
{"logTime": "0930/171330", "correlationVector":"13SGl2Zt5KRgUa3AA7Bz+m.2","action":"ProcessGetUpdates", "result":"Done", "context":{"dataType":"Encryption Keys", "deleted":"0", "process_failed_to_decrypt":"0", "process_pending_decryption":"0", "process_success":"1", "total":"1"}}
{"logTime": "0930/171330", "correlationVector":"0O5/7hRlPwIi8a5klVdxPm","action":"Initial GetUpdates", "result":"", "context":Reason: NEW_CLIENT. cV=0O5/7hRlPwIi8a5klVdxPm}
{"logTime": "0930/171330", "correlationVector":"w2SmMmlNL+kcvGfmZ5AnNY.0","action":"GetUpdates Response", "result":"Network error (ERR_TIMED_OUT)", "context":Received error: Network error (ERR_TIMED_OUT). }
{"logTime": "0930/171330", "correlationVector":"13SGl2Zt5KRgUa3AA7Bz+m","action":"Initial GetUpdates", "result":"", "context":Reason: NEW_CLIENT. cV=13SGl2Zt5KRgUa3AA7Bz+m}
{"logTime": "0930/171330", "correlationVector":"13SGl2Zt5KRgUa3AA7Bz+m.3","action":"GetUpdates Response", "result":"Success", "context":Received 1 update(s). cV=13SGl2Zt5KRgUa3AA7Bz+m.0;server=akswtt104000012;cloudType=Consumer;environment=Prod_francecentral_prod-s01-062-eur-francecentral;migrationStage=NotStarted}
{"logTime": "0930/171330", "correlationVector":"uUC1W0MOEXvm1yB2q4kgE8","action":"Initial GetUpdates", "result":"", "context":Reason: NEWLY_SUPPORTED_DATATYPE. cV=uUC1W0MOEXvm1yB2q4kgE8}
{"logTime": "0930/171331", "correlationVector":"uUC1W0MOEXvm1yB2q4kgE8.1","action":"SyncServerConnectionManagerRequest", "result":"SYNC_SERVER_OK", "context":{"environment":"Prod_francecentral_prod-s01-062-eur-francecentral", "migrationStage":"NotStarted", "server":"akswtt104000005"}}
{"logTime": "0930/171331", "correlationVector":"uUC1W0MOEXvm1yB2q4kgE8.2","action":"ProcessGetUpdates", "result":"Done", "context":{"dataType":"Passwords", "deleted":"1", "process_failed_to_decrypt":"0", "process_pending_decryption":"0", "process_success":"85", "total":"85"}}
{"logTime": "0930/171331", "correlationVector":"uUC1W0MOEXvm1yB2q4kgE8.3","action":"GetUpdates Response", "result":"Success", "context":Received 85 update(s). cV=uUC1W0MOEXvm1yB2q4kgE8.0;server=akswtt104000005;cloudType=Consumer;environment=Prod_francecentral_prod-s01-062-eur-francecentral;migrationStage=NotStarted}
{"logTime": "0930/171332", "correlationVector":"g1eOJHsn1Cm1gbIFubCmUZ","action":"Normal GetUpdate request", "result":"", "context":cV=g1eOJHsn1Cm1gbIFubCmUZ
Nudged types: Preferences, Sessions, Device Info, History
Refresh requested types: Bookmarks, Preferences, Passwords, Autofill Profiles, Autofill, Extensions, Sessions, Extension settings, History Delete Directives, Device Info, User Consents, Send Tab To Self, Web Apps, History, Saved Tab Group, WebAuthn Credentials, Collection, Edge E Drop, Edge Hub App Usage, Edge Wallet, Encryption Keys}
{"logTime": "0930/171334", "correlationVector":"g1eOJHsn1Cm1gbIFubCmUZ.1","action":"SyncServerConnectionManagerRequest", "result":"SYNC_SERVER_OK", "context":{"environment":"Prod_francecentral_prod-s01-062-eur-francecentral", "migrationStage":"NotStarted", "server":"akswtt10400000u"}}
{"logTime": "0930/171334", "correlationVector":"g1eOJHsn1Cm1gbIFubCmUZ.2","action":"ProcessGetUpdates", "result":"Done", "context":{"dataType":"Preferences", "deleted":"0", "process_failed_to_decrypt":"0", "process_pending_decryption":"0", "process_success":"1", "total":"1"}}
{"logTime": "0930/171334", "correlationVector":"g1eOJHsn1Cm1gbIFubCmUZ.3","action":"ProcessGetUpdates", "result":"Done", "context":{"dataType":"Autofill Profiles", "deleted":"0", "process_failed_to_decrypt":"0", "process_pending_decryption":"0", "process_success":"4", "total":"4"}}
{"logTime": "0930/171334", "correlationVector":"g1eOJHsn1Cm1gbIFubCmUZ.4","action":"ProcessGetUpdates", "result":"Done", "context":{"dataType":"Autofill", "deleted":"0", "process_failed_to_decrypt":"0", "process_pending_decryption":"0", "process_success":"6", "total":"6"}}
{"logTime": "0930/171334", "correlationVector":"g1eOJHsn1Cm1gbIFubCmUZ.5","action":"ProcessGetUpdates", "result":"Done", "context":{"dataType":"Sessions", "deleted":"82", "process_failed_to_decrypt":"0", "process_pending_decryption":"0", "process_success":"82", "total":"82"}}
{"logTime": "0930/171334", "correlationVector":"g1eOJHsn1Cm1gbIFubCmUZ.6","action":"ProcessGetUpdates", "result":"Done", "context":{"dataType":"History", "deleted":"0", "process_failed_to_decrypt":"0", "process_pending_decryption":"0", "process_success":"250", "total":"250"}}
{"logTime": "0930/171334", "correlationVector":"g1eOJHsn1Cm1gbIFubCmUZ.7","action":"GetUpdates Response", "result":"Success", "context":Received 343 update(s). cV=g1eOJHsn1Cm1gbIFubCmUZ.0;server=akswtt10400000u;cloudType=Consumer;environment=Prod_francecentral_prod-s01-062-eur-francecentral;migrationStage=NotStarted Some updates remain.}
{"logTime": "0930/171334", "correlationVector":"0EXsEdTAl5qTYFEzn9E+28","action":"Normal GetUpdate request", "result":"", "context":cV=0EXsEdTAl5qTYFEzn9E+28
Nudged types: Preferences, Sessions, Device Info, History
Refresh requested types: Bookmarks, Preferences, Passwords, Autofill Profiles, Autofill, Extensions, Sessions, Extension settings, History Delete Directives, Device Info, User Consents, Send Tab To Self, Web Apps, History, Saved Tab Group, WebAuthn Credentials, Collection, Edge E Drop, Edge Hub App Usage, Edge Wallet, Encryption Keys}
{"logTime": "0930/171335", "correlationVector":"0EXsEdTAl5qTYFEzn9E+28.1","action":"SyncServerConnectionManagerRequest", "result":"SYNC_SERVER_OK", "context":{"environment":"Prod_francecentral_prod-s01-062-eur-francecentral", "migrationStage":"NotStarted", "server":"akswtt10400000v"}}
{"logTime": "0930/171335", "correlationVector":"0EXsEdTAl5qTYFEzn9E+28.2","action":"ProcessGetUpdates", "result":"Done", "context":{"dataType":"Preferences", "deleted":"1", "process_failed_to_decrypt":"0", "process_pending_decryption":"0", "process_success":"6", "total":"6"}}
{"logTime": "0930/171335", "correlationVector":"0EXsEdTAl5qTYFEzn9E+28.3","action":"ProcessGetUpdates", "result":"Done", "context":{"dataType":"Autofill Profiles", "deleted":"0", "process_failed_to_decrypt":"0", "process_pending_decryption":"0", "process_success":"1", "total":"1"}}
{"logTime": "0930/171335", "correlationVector":"0EXsEdTAl5qTYFEzn9E+28.4","action":"ProcessGetUpdates", "result":"Done", "context":{"dataType":"Autofill", "deleted":"0", "process_failed_to_decrypt":"0", "process_pending_decryption":"0", "process_success":"5", "total":"5"}}
{"logTime": "0930/171335", "correlationVector":"0EXsEdTAl5qTYFEzn9E+28.5","action":"ProcessGetUpdates", "result":"Done", "context":{"dataType":"Sessions", "deleted":"23", "process_failed_to_decrypt":"0", "process_pending_decryption":"0", "process_success":"25", "total":"25"}}
{"logTime": "0930/171335", "correlationVector":"0EXsEdTAl5qTYFEzn9E+28.6","action":"ProcessGetUpdates", "result":"Done", "context":{"dataType":"Device Info", "deleted":"0", "process_failed_to_decrypt":"0", "process_pending_decryption":"0", "process_success":"1", "total":"1"}}
{"logTime": "0930/171335", "correlationVector":"0EXsEdTAl5qTYFEzn9E+28.7","action":"ProcessGetUpdates", "result":"Done", "context":{"dataType":"History", "deleted":"0", "process_failed_to_decrypt":"0", "process_pending_decryption":"0", "process_success":"250", "total":"250"}}
{"logTime": "0930/171335", "correlationVector":"0EXsEdTAl5qTYFEzn9E+28.8","action":"GetUpdates Response", "result":"Success", "context":Received 288 update(s). cV=0EXsEdTAl5qTYFEzn9E+28.0;server=akswtt10400000v;cloudType=Consumer;environment=Prod_francecentral_prod-s01-062-eur-francecentral;migrationStage=NotStarted Some updates remain.}
{"logTime": "0930/171335", "correlationVector":"TRSY1dXKEi9uLfE6BcTQ3I","action":"Normal GetUpdate request", "result":"", "context":cV=TRSY1dXKEi9uLfE6BcTQ3I
Nudged types: Preferences, Sessions, Device Info, History
Refresh requested types: Bookmarks, Preferences, Passwords, Autofill Profiles, Autofill, Extensions, Sessions, Extension settings, History Delete Directives, Device Info, User Consents, Send Tab To Self, Web Apps, History, Saved Tab Group, WebAuthn Credentials, Collection, Edge E Drop, Edge Hub App Usage, Edge Wallet, Encryption Keys}
{"logTime": "0930/171336", "correlationVector":"TRSY1dXKEi9uLfE6BcTQ3I.1","action":"SyncServerConnectionManagerRequest", "result":"SYNC_SERVER_OK", "context":{"environment":"Prod_francecentral_prod-s01-062-eur-francecentral", "migrationStage":"NotStarted", "server":"akswtt104000005"}}
{"logTime": "0930/171336", "correlationVector":"TRSY1dXKEi9uLfE6BcTQ3I.2","action":"ProcessGetUpdates", "result":"Done", "context":{"dataType":"Preferences", "deleted":"0", "process_failed_to_decrypt":"0", "process_pending_decryption":"0", "process_success":"1", "total":"1"}}
{"logTime": "0930/171336", "correlationVector":"TRSY1dXKEi9uLfE6BcTQ3I.3","action":"ProcessGetUpdates", "result":"Done", "context":{"dataType":"Sessions", "deleted":"3", "process_failed_to_decrypt":"0", "process_pending_decryption":"0", "process_success":"6", "total":"6"}}
{"logTime": "0930/171336", "correlationVector":"TRSY1dXKEi9uLfE6BcTQ3I.4","action":"ProcessGetUpdates", "result":"Done", "context":{"dataType":"Device Info", "deleted":"0", "process_failed_to_decrypt":"0", "process_pending_decryption":"0", "process_success":"1", "total":"1"}}
{"logTime": "0930/171336", "correlationVector":"TRSY1dXKEi9uLfE6BcTQ3I.5","action":"ProcessGetUpdates", "result":"Done", "context":{"dataType":"History", "deleted":"0", "process_failed_to_decrypt":"0", "process_pending_decryption":"0", "process_success":"18", "total":"18"}}
{"logTime": "0930/171336", "correlationVector":"TRSY1dXKEi9uLfE6BcTQ3I.6","action":"GetUpdates Response", "result":"Success", "context":Received 26 update(s). cV=TRSY1dXKEi9uLfE6BcTQ3I.0;server=akswtt104000005;cloudType=Consumer;environment=Prod_francecentral_prod-s01-062-eur-francecentral;migrationStage=NotStarted}
{"logTime": "0930/171357", "correlationVector":"D6h95SnDm7HfuxGTCuQRB4","action":"Commit Request", "result":"", "context":Item count: 4
Contributing types: Preferences, History}
{"logTime": "0930/171427", "correlationVector":"D6h95SnDm7HfuxGTCuQRB4","action":"SyncServerConnectionManagerRequest", "result":"CONNECTION_UNAVAILABLE", "context":{"error_type":"net_error_code", "error_value":"-7"}}
{"logTime": "0930/171427", "correlationVector":"C2OwXYZ2QtElvLQ6xYSGxK.0","action":"Commit Response", "result":"Network error (ERR_TIMED_OUT)", "context":Result: Network error (ERR_TIMED_OUT). }
{"logTime": "0930/171430", "correlationVector":"dxNi4cDlgb23HAcGernu0a","action":"Normal GetUpdate request", "result":"", "context":cV=dxNi4cDlgb23HAcGernu0a
Nudged types: Preferences, Sessions, Device Info, History
Refresh requested types: Bookmarks, Preferences, Passwords, Autofill Profiles, Autofill, Extensions, Sessions, Extension settings, History Delete Directives, Device Info, User Consents, Send Tab To Self, Web Apps, History, Saved Tab Group, WebAuthn Credentials, Collection, Edge E Drop, Edge Hub App Usage, Edge Wallet, Encryption Keys}
{"logTime": "0930/171430", "correlationVector":"dxNi4cDlgb23HAcGernu0a.1","action":"SyncServerConnectionManagerRequest", "result":"SYNC_SERVER_OK", "context":{"environment":"Prod_francecentral_prod-s01-062-eur-francecentral", "migrationStage":"NotStarted", "server":"akswtt10400001j"}}
{"logTime": "0930/171430", "correlationVector":"dxNi4cDlgb23HAcGernu0a.2","action":"GetUpdates Response", "result":"Success", "context":Received 0 update(s). cV=dxNi4cDlgb23HAcGernu0a.0;server=akswtt10400001j;cloudType=Consumer;environment=Prod_francecentral_prod-s01-062-eur-francecentral;migrationStage=NotStarted}
{"logTime": "0930/171431", "correlationVector":"84fQg4gOA+9xrGEGLkde7I","action":"Commit Request", "result":"", "context":Item count: 5
Contributing types: Preferences, Device Info, History}
{"logTime": "0930/171432", "correlationVector":"84fQg4gOA+9xrGEGLkde7I.1","action":"SyncServerConnectionManagerRequest", "result":"SYNC_SERVER_OK", "context":{"environment":"Prod_francecentral_prod-s01-062-eur-francecentral", "migrationStage":"NotStarted", "server":"akswtt104000005"}}
{"logTime": "0930/171432", "correlationVector":"84fQg4gOA+9xrGEGLkde7I.2","action":"Commit Response", "result":"Success", "context":Result: Success. cV=84fQg4gOA+9xrGEGLkde7I.0;server=akswtt104000005;cloudType=Consumer;environment=Prod_francecentral_prod-s01-062-eur-francecentral;migrationStage=NotStarted}
{"logTime": "0930/171432", "correlationVector":"Zde1D9QkjQdve3FcIPQhMe","action":"Poll GetUpdate request", "result":"", "context":cV=Zde1D9QkjQdve3FcIPQhMe}
{"logTime": "0930/171432", "correlationVector":"Zde1D9QkjQdve3FcIPQhMe.1","action":"SyncServerConnectionManagerRequest", "result":"SYNC_SERVER_OK", "context":{"environment":"Prod_francecentral_prod-s01-062-eur-francecentral", "migrationStage":"NotStarted", "server":"akswtt10400000z"}}
{"logTime": "0930/171432", "correlationVector":"Zde1D9QkjQdve3FcIPQhMe.2","action":"ProcessGetUpdates", "result":"Done", "context":{"dataType":"Preferences", "deleted":"0", "process_failed_to_decrypt":"0", "process_pending_decryption":"0", "process_success":"1", "total":"1"}}
{"logTime": "0930/171432", "correlationVector":"Zde1D9QkjQdve3FcIPQhMe.3","action":"ProcessGetUpdates", "result":"Done", "context":{"dataType":"Device Info", "deleted":"0", "process_failed_to_decrypt":"0", "process_pending_decryption":"0", "process_success":"1", "total":"1"}}
{"logTime": "0930/171432", "correlationVector":"Zde1D9QkjQdve3FcIPQhMe.4","action":"ProcessGetUpdates", "result":"Done", "context":{"dataType":"History", "deleted":"0", "process_failed_to_decrypt":"0", "process_pending_decryption":"0", "process_success":"3", "total":"3"}}
{"logTime": "0930/171432", "correlationVector":"Zde1D9QkjQdve3FcIPQhMe.5","action":"GetUpdates Response", "result":"Success", "context":Received 5 update(s). cV=Zde1D9QkjQdve3FcIPQhMe.0;server=akswtt10400000z;cloudType=Consumer;environment=Prod_francecentral_prod-s01-062-eur-francecentral;migrationStage=NotStarted}
{"logTime": "0930/171525", "correlationVector":"/wNXqSbxLd7tJOgRioMC0n","action":"Commit Request", "result":"", "context":Item count: 3
Contributing types: Sessions, Device Info}
{"logTime": "0930/171526", "correlationVector":"/wNXqSbxLd7tJOgRioMC0n.1","action":"SyncServerConnectionManagerRequest", "result":"SYNC_SERVER_OK", "context":{"environment":"Prod_francecentral_prod-s01-062-eur-francecentral", "migrationStage":"NotStarted", "server":"akswtt10400000n"}}
{"logTime": "0930/171526", "correlationVector":"/wNXqSbxLd7tJOgRioMC0n.2","action":"Commit Response", "result":"Success", "context":Result: Success. cV=/wNXqSbxLd7tJOgRioMC0n.0;server=akswtt10400000n;cloudType=Consumer;environment=Prod_francecentral_prod-s01-062-eur-francecentral;migrationStage=NotStarted}
{"logTime": "0930/171650", "correlationVector":"QlOH6Wv/FJywKZnDZQcaWf","action":"Commit Request", "result":"", "context":Item count: 1
Contributing types: Sessions}
{"logTime": "0930/171720", "correlationVector":"QlOH6Wv/FJywKZnDZQcaWf","action":"SyncServerConnectionManagerRequest", "result":"CONNECTION_UNAVAILABLE", "context":{"error_type":"net_error_code", "error_value":"-7"}}
{"logTime": "0930/171720", "correlationVector":"mIolof+pwpX8XOTIuUsuD6.0","action":"Commit Response", "result":"Network error (ERR_TIMED_OUT)", "context":Result: Network error (ERR_TIMED_OUT). }
{"logTime": "0930/171722", "correlationVector":"+qEbkV5fMBUg80cdnwBEwy","action":"Commit Request", "result":"", "context":Item count: 1
Contributing types: Sessions}
{"logTime": "0930/171725", "correlationVector":"+qEbkV5fMBUg80cdnwBEwy.1","action":"SyncServerConnectionManagerRequest", "result":"SYNC_SERVER_OK", "context":{"environment":"Prod_francecentral_prod-s01-062-eur-francecentral", "migrationStage":"NotStarted", "server":"akswtt10400000c"}}
{"logTime": "0930/171725", "correlationVector":"+qEbkV5fMBUg80cdnwBEwy.2","action":"Commit Response", "result":"Success", "context":Result: Success. cV=+qEbkV5fMBUg80cdnwBEwy.0;server=akswtt10400000c;cloudType=Consumer;environment=Prod_francecentral_prod-s01-062-eur-francecentral;migrationStage=NotStarted}
{"logTime": "0930/171726", "correlationVector":"tOFdNbUYwEbb9IBURthSyR","action":"Commit Request", "result":"", "context":Item count: 3
Contributing types: Sessions, History}
{"logTime": "0930/171727", "correlationVector":"tOFdNbUYwEbb9IBURthSyR.1","action":"SyncServerConnectionManagerRequest", "result":"SYNC_SERVER_OK", "context":{"environment":"Prod_francecentral_prod-s01-062-eur-francecentral", "migrationStage":"NotStarted", "server":"akswtt104000008"}}
{"logTime": "0930/171727", "correlationVector":"tOFdNbUYwEbb9IBURthSyR.2","action":"Commit Response", "result":"Success", "context":Result: Success. cV=tOFdNbUYwEbb9IBURthSyR.0;server=akswtt104000008;cloudType=Consumer;environment=Prod_francecentral_prod-s01-062-eur-francecentral;migrationStage=NotStarted}
{"logTime": "0930/171804", "correlationVector":"OSLNjKA/jMLTUCZ+lxDNaY","action":"Commit Request", "result":"", "context":Item count: 7
Contributing types: Preferences, Passwords, Sessions, History}
{"logTime": "0930/171805", "correlationVector":"OSLNjKA/jMLTUCZ+lxDNaY.1","action":"SyncServerConnectionManagerRequest", "result":"SYNC_SERVER_OK", "context":{"environment":"Prod_francecentral_prod-s01-062-eur-francecentral", "migrationStage":"NotStarted", "server":"akswtt10400001l"}}
{"logTime": "0930/171805", "correlationVector":"OSLNjKA/jMLTUCZ+lxDNaY.2","action":"Commit Response", "result":"Success", "context":Result: Success. cV=OSLNjKA/jMLTUCZ+lxDNaY.0;server=akswtt10400001l;cloudType=Consumer;environment=Prod_francecentral_prod-s01-062-eur-francecentral;migrationStage=NotStarted}
{"logTime": "0930/171927", "correlationVector":"gDMFI3bUini3x4PxELue0U","action":"Commit Request", "result":"", "context":Item count: 6
Contributing types: Preferences, Passwords, Sessions, History}
{"logTime": "0930/171928", "correlationVector":"gDMFI3bUini3x4PxELue0U.1","action":"SyncServerConnectionManagerRequest", "result":"SYNC_SERVER_OK", "context":{"environment":"Prod_francecentral_prod-s01-062-eur-francecentral", "migrationStage":"NotStarted", "server":"akswtt10400000q"}}
{"logTime": "0930/171928", "correlationVector":"gDMFI3bUini3x4PxELue0U.2","action":"Commit Response", "result":"Success", "context":Result: Success. cV=gDMFI3bUini3x4PxELue0U.0;server=akswtt10400000q;cloudType=Consumer;environment=Prod_francecentral_prod-s01-062-eur-francecentral;migrationStage=NotStarted}
{"logTime": "0930/172506", "correlationVector":"6dvBPY9YtZGtdBYXFZT/eR","action":"Commit Request", "result":"", "context":Item count: 5
Contributing types: Sessions, History}
{"logTime": "0930/172506", "correlationVector":"6dvBPY9YtZGtdBYXFZT/eR.1","action":"SyncServerConnectionManagerRequest", "result":"SYNC_SERVER_OK", "context":{"environment":"Prod_francecentral_prod-s01-062-eur-francecentral", "migrationStage":"NotStarted", "server":"akswtt104000018"}}
{"logTime": "0930/172506", "correlationVector":"6dvBPY9YtZGtdBYXFZT/eR.2","action":"Commit Response", "result":"Success", "context":Result: Success. cV=6dvBPY9YtZGtdBYXFZT/eR.0;server=akswtt104000018;cloudType=Consumer;environment=Prod_francecentral_prod-s01-062-eur-francecentral;migrationStage=NotStarted}
{"logTime": "0930/172618", "correlationVector":"2W5o/3GtMAAOhvtq76rVd8","action":"Commit Request", "result":"", "context":Item count: 3
Contributing types: Sessions, History}
{"logTime": "0930/172619", "correlationVector":"2W5o/3GtMAAOhvtq76rVd8.1","action":"SyncServerConnectionManagerRequest", "result":"SYNC_SERVER_OK", "context":{"environment":"Prod_francecentral_prod-s01-062-eur-francecentral", "migrationStage":"NotStarted", "server":"akswtt10400001l"}}
{"logTime": "0930/172619", "correlationVector":"2W5o/3GtMAAOhvtq76rVd8.2","action":"Commit Response", "result":"Success", "context":Result: Success. cV=2W5o/3GtMAAOhvtq76rVd8.0;server=akswtt10400001l;cloudType=Consumer;environment=Prod_francecentral_prod-s01-062-eur-francecentral;migrationStage=NotStarted}
{"logTime": "0930/173018", "correlationVector":"13isHPtulnfXsbY5UYePWL","action":"Commit Request", "result":"", "context":Item count: 1
Contributing types: Sessions}
{"logTime": "0930/173018", "correlationVector":"13isHPtulnfXsbY5UYePWL.1","action":"SyncServerConnectionManagerRequest", "result":"SYNC_SERVER_OK", "context":{"environment":"Prod_francecentral_prod-s01-062-eur-francecentral", "migrationStage":"NotStarted", "server":"akswtt10400000e"}}
{"logTime": "0930/173018", "correlationVector":"13isHPtulnfXsbY5UYePWL.2","action":"Commit Response", "result":"Success", "context":Result: Success. cV=13isHPtulnfXsbY5UYePWL.0;server=akswtt10400000e;cloudType=Consumer;environment=Prod_francecentral_prod-s01-062-eur-francecentral;migrationStage=NotStarted}
{"logTime": "0930/174240", "correlationVector":"lKeptiBWuYF+UrLPNAjqP7","action":"Commit Request", "result":"", "context":Item count: 3
Contributing types: Sessions, History}
{"logTime": "0930/174244", "correlationVector":"lKeptiBWuYF+UrLPNAjqP7.1","action":"SyncServerConnectionManagerRequest", "result":"SYNC_SERVER_OK", "context":{"environment":"Prod_westeurope_prod-s01-079-eur-westeurope", "migrationStage":"NotStarted", "server":"akswtt10400000s"}}
{"logTime": "0930/174244", "correlationVector":"lKeptiBWuYF+UrLPNAjqP7.2","action":"Commit Response", "result":"Success", "context":Result: Success. cV=lKeptiBWuYF+UrLPNAjqP7.0;server=akswtt10400000s;cloudType=Consumer;environment=Prod_westeurope_prod-s01-079-eur-westeurope;migrationStage=NotStarted}
{"logTime": "0930/175705", "correlationVector":"HjMIVBptKHePhdg0f0zZlz","action":"Commit Request", "result":"", "context":Item count: 1
Contributing types: Sessions}
{"logTime": "0930/175705", "correlationVector":"HjMIVBptKHePhdg0f0zZlz.1","action":"SyncServerConnectionManagerRequest", "result":"SYNC_SERVER_OK", "context":{"environment":"Prod_westeurope_prod-s01-079-eur-westeurope", "migrationStage":"NotStarted", "server":"akswtt10400000x"}}
{"logTime": "0930/175705", "correlationVector":"HjMIVBptKHePhdg0f0zZlz.2","action":"Commit Response", "result":"Success", "context":Result: Success. cV=HjMIVBptKHePhdg0f0zZlz.0;server=akswtt10400000x;cloudType=Consumer;environment=Prod_westeurope_prod-s01-079-eur-westeurope;migrationStage=NotStarted}
{"logTime": "0930/175847", "correlationVector":"1irFvBL0IesAxud6Owpo8E","action":"Commit Request", "result":"", "context":Item count: 5
Contributing types: Sessions, History}
{"logTime": "0930/175910", "correlationVector":"1irFvBL0IesAxud6Owpo8E.1","action":"SyncServerConnectionManagerRequest", "result":"SYNC_SERVER_OK", "context":{"environment":"Prod_francecentral_prod-s01-062-eur-francecentral", "migrationStage":"NotStarted", "server":"akswtt104000002"}}
{"logTime": "0930/175910", "correlationVector":"1irFvBL0IesAxud6Owpo8E.2","action":"Commit Response", "result":"Success", "context":Result: Success. cV=1irFvBL0IesAxud6Owpo8E.0;server=akswtt104000002;cloudType=Consumer;environment=Prod_francecentral_prod-s01-062-eur-francecentral;migrationStage=NotStarted}
{"logTime": "0930/180010", "correlationVector":"Api8D8vHG2tyaPTRhCLuI5","action":"Commit Request", "result":"", "context":Item count: 4
Contributing types: Sessions, History}
{"logTime": "0930/180016", "correlationVector":"Api8D8vHG2tyaPTRhCLuI5.1","action":"SyncServerConnectionManagerRequest", "result":"SYNC_SERVER_OK", "context":{"environment":"Prod_westeurope_prod-s01-079-eur-westeurope", "migrationStage":"NotStarted", "server":"akswtt10400000n"}}
{"logTime": "0930/180016", "correlationVector":"Api8D8vHG2tyaPTRhCLuI5.2","action":"Commit Response", "result":"Success", "context":Result: Success. cV=Api8D8vHG2tyaPTRhCLuI5.0;server=akswtt10400000n;cloudType=Consumer;environment=Prod_westeurope_prod-s01-079-eur-westeurope;migrationStage=NotStarted}
{"logTime": "0930/180116", "correlationVector":"iGvmH8ZMbM0w+ziqv9Dteo","action":"Commit Request", "result":"", "context":Item count: 8
Contributing types: Sessions, History}
{"logTime": "0930/180117", "correlationVector":"iGvmH8ZMbM0w+ziqv9Dteo.1","action":"SyncServerConnectionManagerRequest", "result":"SYNC_SERVER_OK", "context":{"environment":"Prod_westeurope_prod-s01-079-eur-westeurope", "migrationStage":"NotStarted", "server":"akswtt10400000o"}}
{"logTime": "0930/180117", "correlationVector":"iGvmH8ZMbM0w+ziqv9Dteo.2","action":"Commit Response", "result":"Success", "context":Result: Success. cV=iGvmH8ZMbM0w+ziqv9Dteo.0;server=akswtt10400000o;cloudType=Consumer;environment=Prod_westeurope_prod-s01-079-eur-westeurope;migrationStage=NotStarted}
{"logTime": "0930/180256", "correlationVector":"eisYbhjS6329eW1h1lbpXB","action":"Commit Request", "result":"", "context":Item count: 7
Contributing types: Preferences, Passwords, Sessions, History}
{"logTime": "0930/180301", "correlationVector":"eisYbhjS6329eW1h1lbpXB.1","action":"SyncServerConnectionManagerRequest", "result":"SYNC_SERVER_OK", "context":{"environment":"Prod_francecentral_prod-s01-062-eur-francecentral", "migrationStage":"NotStarted", "server":"akswtt10400000e"}}
{"logTime": "0930/180301", "correlationVector":"eisYbhjS6329eW1h1lbpXB.2","action":"Commit Response", "result":"Success", "context":Result: Success. cV=eisYbhjS6329eW1h1lbpXB.0;server=akswtt10400000e;cloudType=Consumer;environment=Prod_francecentral_prod-s01-062-eur-francecentral;migrationStage=NotStarted}
{"logTime": "0930/180401", "correlationVector":"PC5f4wCN5ofBtEcF+6ayQq","action":"Commit Request", "result":"", "context":Item count: 3
Contributing types: Sessions, History}
{"logTime": "0930/180402", "correlationVector":"PC5f4wCN5ofBtEcF+6ayQq.1","action":"SyncServerConnectionManagerRequest", "result":"SYNC_SERVER_OK", "context":{"environment":"Prod_francecentral_prod-s01-062-eur-francecentral", "migrationStage":"NotStarted", "server":"akswtt10400000q"}}
{"logTime": "0930/180402", "correlationVector":"PC5f4wCN5ofBtEcF+6ayQq.2","action":"Commit Response", "result":"Success", "context":Result: Success. cV=PC5f4wCN5ofBtEcF+6ayQq.0;server=akswtt10400000q;cloudType=Consumer;environment=Prod_francecentral_prod-s01-062-eur-francecentral;migrationStage=NotStarted}
{"logTime": "0930/180524", "correlationVector":"b8jWuSJjGe3vpI7QeuQPCO","action":"Commit Request", "result":"", "context":Item count: 6
Contributing types: Sessions, History}
{"logTime": "0930/180554", "correlationVector":"b8jWuSJjGe3vpI7QeuQPCO","action":"SyncServerConnectionManagerRequest", "result":"CONNECTION_UNAVAILABLE", "context":{"error_type":"net_error_code", "error_value":"-7"}}
{"logTime": "0930/180554", "correlationVector":"aAqxXyUBCUWxhiw5lFUB7+.0","action":"Commit Response", "result":"Network error (ERR_TIMED_OUT)", "context":Result: Network error (ERR_TIMED_OUT). }
{"logTime": "0930/180556", "correlationVector":"Pkt9BeWsD5sWNKAFi6XdS8","action":"Commit Request", "result":"", "context":Item count: 7
Contributing types: Sessions, History}
{"logTime": "0930/180556", "correlationVector":"Pkt9BeWsD5sWNKAFi6XdS8.1","action":"SyncServerConnectionManagerRequest", "result":"SYNC_SERVER_OK", "context":{"environment":"Prod_francecentral_prod-s01-062-eur-francecentral", "migrationStage":"NotStarted", "server":"akswtt10400000y"}}
{"logTime": "0930/180556", "correlationVector":"Pkt9BeWsD5sWNKAFi6XdS8.2","action":"Commit Response", "result":"Success", "context":Result: Success. cV=Pkt9BeWsD5sWNKAFi6XdS8.0;server=akswtt10400000y;cloudType=Consumer;environment=Prod_francecentral_prod-s01-062-eur-francecentral;migrationStage=NotStarted}
{"logTime": "0930/181111", "correlationVector":"FmDVEm1AluqXXGOFDqKWAE","action":"Commit Request", "result":"", "context":Item count: 1
Contributing types: Sessions}
{"logTime": "0930/181112", "correlationVector":"FmDVEm1AluqXXGOFDqKWAE.1","action":"SyncServerConnectionManagerRequest", "result":"SYNC_SERVER_OK", "context":{"environment":"Prod_westeurope_prod-s01-079-eur-westeurope", "migrationStage":"NotStarted", "server":"akswtt10400000r"}}
{"logTime": "0930/181112", "correlationVector":"FmDVEm1AluqXXGOFDqKWAE.2","action":"Commit Response", "result":"Success", "context":Result: Success. cV=FmDVEm1AluqXXGOFDqKWAE.0;server=akswtt10400000r;cloudType=Consumer;environment=Prod_westeurope_prod-s01-079-eur-westeurope;migrationStage=NotStarted}
{"logTime": "0930/181511", "correlationVector":"nmwNifC2/13T4iSpJ/7GwA","action":"Commit Request", "result":"", "context":Item count: 5
Contributing types: Passwords, Sessions, History}
{"logTime": "0930/181512", "correlationVector":"nmwNifC2/13T4iSpJ/7GwA.1","action":"SyncServerConnectionManagerRequest", "result":"SYNC_SERVER_OK", "context":{"environment":"Prod_westeurope_prod-s01-079-eur-westeurope", "migrationStage":"NotStarted", "server":"akswtt10400000a"}}
{"logTime": "0930/181512", "correlationVector":"nmwNifC2/13T4iSpJ/7GwA.2","action":"Commit Response", "result":"Success", "context":Result: Success. cV=nmwNifC2/13T4iSpJ/7GwA.0;server=akswtt10400000a;cloudType=Consumer;environment=Prod_westeurope_prod-s01-079-eur-westeurope;migrationStage=NotStarted}
{"logTime": "0930/181615", "correlationVector":"SFeTPZETnxEEedUAXf1jjF","action":"Commit Request", "result":"", "context":Item count: 4
Contributing types: Sessions, History}
{"logTime": "0930/181616", "correlationVector":"SFeTPZETnxEEedUAXf1jjF.1","action":"SyncServerConnectionManagerRequest", "result":"SYNC_SERVER_OK", "context":{"environment":"Prod_westeurope_prod-s01-079-eur-westeurope", "migrationStage":"NotStarted", "server":"akswtt104000006"}}
{"logTime": "0930/181616", "correlationVector":"SFeTPZETnxEEedUAXf1jjF.2","action":"Commit Response", "result":"Success", "context":Result: Success. cV=SFeTPZETnxEEedUAXf1jjF.0;server=akswtt104000006;cloudType=Consumer;environment=Prod_westeurope_prod-s01-079-eur-westeurope;migrationStage=NotStarted}
{"logTime": "0930/181649", "correlationVector":"Raou5Cy5BPbmyHazBXT1JK","action":"Commit Request", "result":"", "context":Item count: 6
Contributing types: Preferences, Passwords, Sessions, History}
{"logTime": "0930/181653", "correlationVector":"Raou5Cy5BPbmyHazBXT1JK.1","action":"SyncServerConnectionManagerRequest", "result":"SYNC_SERVER_OK", "context":{"environment":"Prod_francecentral_prod-s01-062-eur-francecentral", "migrationStage":"NotStarted", "server":"akswtt104000014"}}
{"logTime": "0930/181653", "correlationVector":"Raou5Cy5BPbmyHazBXT1JK.2","action":"Commit Response", "result":"Success", "context":Result: Success. cV=Raou5Cy5BPbmyHazBXT1JK.0;server=akswtt104000014;cloudType=Consumer;environment=Prod_francecentral_prod-s01-062-eur-francecentral;migrationStage=NotStarted}
{"logTime": "0930/181942", "correlationVector":"GMDsyIuAdKel5qxIxpUtl+","action":"Commit Request", "result":"", "context":Item count: 6
Contributing types: Preferences, Passwords, Sessions, History}
{"logTime": "0930/182012", "correlationVector":"GMDsyIuAdKel5qxIxpUtl+","action":"SyncServerConnectionManagerRequest", "result":"CONNECTION_UNAVAILABLE", "context":{"error_type":"net_error_code", "error_value":"-7"}}
{"logTime": "0930/182012", "correlationVector":"714kM9UzuZ5QfS+BTY0Kpr.0","action":"Commit Response", "result":"Network error (ERR_TIMED_OUT)", "context":Result: Network error (ERR_TIMED_OUT). }
{"logTime": "0930/182014", "correlationVector":"Th7/FZEKTaUyISsXhivg9w","action":"Commit Request", "result":"", "context":Item count: 6
Contributing types: Preferences, Passwords, Sessions, History}
{"logTime": "0930/182015", "correlationVector":"Th7/FZEKTaUyISsXhivg9w.1","action":"SyncServerConnectionManagerRequest", "result":"SYNC_SERVER_OK", "context":{"environment":"Prod_francecentral_prod-s01-062-eur-francecentral", "migrationStage":"NotStarted", "server":"akswtt10400000n"}}
{"logTime": "0930/182015", "correlationVector":"Th7/FZEKTaUyISsXhivg9w.2","action":"Commit Response", "result":"Success", "context":Result: Success. cV=Th7/FZEKTaUyISsXhivg9w.0;server=akswtt10400000n;cloudType=Consumer;environment=Prod_francecentral_prod-s01-062-eur-francecentral;migrationStage=NotStarted}
{"logTime": "0930/182754", "correlationVector":"6vjKYZzfWaxeXGP46gU7Rb","action":"Commit Request", "result":"", "context":Item count: 1
Contributing types: Sessions}
{"logTime": "0930/182758", "correlationVector":"6vjKYZzfWaxeXGP46gU7Rb.1","action":"SyncServerConnectionManagerRequest", "result":"SYNC_SERVER_OK", "context":{"environment":"Prod_westeurope_prod-s01-079-eur-westeurope", "migrationStage":"NotStarted", "server":"akswtt104000001"}}
{"logTime": "0930/182758", "correlationVector":"6vjKYZzfWaxeXGP46gU7Rb.2","action":"Commit Response", "result":"Success", "context":Result: Success. cV=6vjKYZzfWaxeXGP46gU7Rb.0;server=akswtt104000001;cloudType=Consumer;environment=Prod_westeurope_prod-s01-079-eur-westeurope;migrationStage=NotStarted}
{"logTime": "0930/183823", "correlationVector":"ugotgd6UrvGH9CVDgSk1p9","action":"Commit Request", "result":"", "context":Item count: 1
Contributing types: Sessions}
{"logTime": "0930/183827", "correlationVector":"ugotgd6UrvGH9CVDgSk1p9.1","action":"SyncServerConnectionManagerRequest", "result":"SYNC_SERVER_OK", "context":{"environment":"Prod_francecentral_prod-s01-062-eur-francecentral", "migrationStage":"NotStarted", "server":"akswtt104000006"}}
{"logTime": "0930/183827", "correlationVector":"ugotgd6UrvGH9CVDgSk1p9.2","action":"Commit Response", "result":"Success", "context":Result: Success. cV=ugotgd6UrvGH9CVDgSk1p9.0;server=akswtt104000006;cloudType=Consumer;environment=Prod_francecentral_prod-s01-062-eur-francecentral;migrationStage=NotStarted}
